/home/xiar3/experiments/miniforge3/envs/stvqvae/lib/python3.11/site-packages/torch/cuda/__init__.py:61: FutureWarning: The pynvml package is deprecated. Please install nvidia-ml-py instead. If you did not install pynvml directly, please report this to the maintainers of the package that installed pynvml for you.
  import pynvml  # type: ignore[import]
Gym has been unmaintained since 2022 and does not support NumPy 2.0 amongst other critical functionality.
Please upgrade to Gymnasium, the maintained drop-in replacement of Gym, or contact the authors of your software and request that they upgrade.
Users of this version of Gym should be able to simply replace 'import gym' with 'import gymnasium as gym' in the vast majority of cases.
See the migration guide at https://gymnasium.farama.org/introduction/migration_guide/ for additional information.
Loading: /home/xiar3/experiments/STVqvae/discrete_mbrl/model_free/models/MiniGrid-DoorKey-8x8-v0/mf_e2e_semantic_doorkey_best_model.pt
Env: MiniGrid-DoorKey-8x8-v0
Encoder type: vqvae  version=2
Latent dim: 5184

Collecting 30000 frames...
  5000/30000 frames
  10000/30000 frames
  15000/30000 frames
  20000/30000 frames
  25000/30000 frames
  30000/30000 frames
Feature matrix: (2430000, 64)  Labels: (2430000,)

Class distribution (total 2,430,000 samples):
  empty        (id=1): 1,106,390  (45.5%)
  wall         (id=2): 1,183,423  (48.7%)
  door         (id=4):   40,083  (1.6%)
  key          (id=5):   32,596  (1.3%)
  goal         (id=8):   30,000  (1.2%)
  agent        (id=10):   37,508  (1.5%)
/home/xiar3/experiments/miniforge3/envs/stvqvae/lib/python3.11/site-packages/sklearn/linear_model/_logistic.py:1184: FutureWarning: 'n_jobs' has no effect since 1.8 and will be removed in 1.10. You provided 'n_jobs=-1', please leave it unspecified.
  warnings.warn(msg, category=FutureWarning)

============================================================
PER-CLASS PROBE ACCURACY (continuous latent)
============================================================
Class            Accuracy       Count
----------------------------------------
  empty             64.0%   1,106,390
  wall              38.6%   1,183,423
  door              94.9%      40,083
  key               84.8%      32,596
  goal              98.8%      30,000
  agent             78.6%      37,508

  Overall (macro-mean): 76.6%
  Overall (weighted):   53.1%

Saved to /home/xiar3/experiments/STVqvae/logs/continuous_probe/vqvae_v2_doorkey.json
