/home/xiar3/experiments/miniforge3/envs/stvqvae/lib/python3.11/site-packages/torch/cuda/__init__.py:61: FutureWarning: The pynvml package is deprecated. Please install nvidia-ml-py instead. If you did not install pynvml directly, please report this to the maintainers of the package that installed pynvml for you.
  import pynvml  # type: ignore[import]
Gym has been unmaintained since 2022 and does not support NumPy 2.0 amongst other critical functionality.
Please upgrade to Gymnasium, the maintained drop-in replacement of Gym, or contact the authors of your software and request that they upgrade.
Users of this version of Gym should be able to simply replace 'import gym' with 'import gymnasium as gym' in the vast majority of cases.
See the migration guide at https://gymnasium.farama.org/introduction/migration_guide/ for additional information.
Loading: /home/xiar3/experiments/STVqvae/discrete_mbrl/model_free/models/MiniGrid-DoorKey-8x8-v0/rigor_dk8_v2_s1_best_model.pt
Env: MiniGrid-DoorKey-8x8-v0 (crafter=False)
Codebook: 64, Embed: 64
Constructed VQVAE with 64 latents and 64 codebook entries
EMA utilization: 64/64

Collecting 8000 frames...
  5000/8000 frames collected
Collected 512,000 (code, class) pairs

============================================================
CODEBOOK USAGE ANALYSIS
============================================================
  Codebook size        : 64
  Active codes         : 62/64 (96.9%)
  Dead codes           : 2/64 (3.1%)
  Avg code purity      : 68.0%
  H(class|code)        : 0.960 bits  (lower = codes are class-pure)
  H(code|class)        : 4.262 bits  (lower = each class uses few codes)
  H(code) [marginal]   : 4.690 bits  (max=6.0)

  Code allocation per class:
    Class          # Codes   Data %
    --------------------------------
    empty               23    42.3%
    wall                37    51.6%
    door                 2     1.6%
    key                  0     1.5%
    goal                 0     1.6%
    agent                0     1.6%

  Top 10 most-used codes:
    Code   22:   76354 uses, dominant=empty (62% pure)
    Code    9:   63230 uses, dominant=wall (76% pure)
    Code   13:   36953 uses, dominant=wall (57% pure)
    Code   25:   30684 uses, dominant=wall (45% pure)
    Code    8:   26262 uses, dominant=empty (53% pure)
    Code   45:   24440 uses, dominant=empty (66% pure)
    Code   62:   23140 uses, dominant=wall (92% pure)
    Code   34:   20988 uses, dominant=wall (100% pure)
    Code   54:   19814 uses, dominant=wall (76% pure)
    Code   31:   13065 uses, dominant=wall (54% pure)
============================================================

Saved to /home/xiar3/experiments/STVqvae/logs/full_rigor/rigor_dk8_v2_s1_codebook.json
