/home/xiar3/experiments/miniforge3/envs/stvqvae/lib/python3.11/site-packages/torch/cuda/__init__.py:61: FutureWarning: The pynvml package is deprecated. Please install nvidia-ml-py instead. If you did not install pynvml directly, please report this to the maintainers of the package that installed pynvml for you.
  import pynvml  # type: ignore[import]
Gym has been unmaintained since 2022 and does not support NumPy 2.0 amongst other critical functionality.
Please upgrade to Gymnasium, the maintained drop-in replacement of Gym, or contact the authors of your software and request that they upgrade.
Users of this version of Gym should be able to simply replace 'import gym' with 'import gymnasium as gym' in the vast majority of cases.
See the migration guide at https://gymnasium.farama.org/introduction/migration_guide/ for additional information.
Loading: /home/xiar3/experiments/STVqvae/discrete_mbrl/model_free/models/MiniGrid-DoorKey-16x16-v0/rigor_dk16_cb256_thr1_best_model.pt
Env: MiniGrid-DoorKey-16x16-v0 (crafter=False)
Codebook: 256, Embed: 64
Constructed VQVAE with 256 latents and 256 codebook entries
EMA utilization: 256/256

Collecting 8000 frames...
  5000/8000 frames collected
Collected 2,048,000 (code, class) pairs

============================================================
CODEBOOK USAGE ANALYSIS
============================================================
  Codebook size        : 256
  Active codes         : 245/256 (95.7%)
  Dead codes           : 11/256 (4.3%)
  Avg code purity      : 93.8%
  H(class|code)        : 0.088 bits  (lower = codes are class-pure)
  H(code|class)        : 6.193 bits  (lower = each class uses few codes)
  H(code) [marginal]   : 7.106 bits  (max=8.0)

  Code allocation per class:
    Class          # Codes   Data %
    --------------------------------
    empty              178    69.9%
    wall                55    28.5%
    door                 0     0.4%
    key                  2     0.4%
    goal                 1     0.4%
    agent                9     0.4%

  Top 10 most-used codes:
    Code  114:   39131 uses, dominant=empty (100% pure)
    Code   81:   38653 uses, dominant=empty (100% pure)
    Code  124:   37326 uses, dominant=empty (100% pure)
    Code  228:   37103 uses, dominant=empty (100% pure)
    Code  101:   36815 uses, dominant=empty (100% pure)
    Code   13:   35967 uses, dominant=empty (100% pure)
    Code   59:   35373 uses, dominant=empty (100% pure)
    Code   48:   35040 uses, dominant=empty (100% pure)
    Code    1:   34556 uses, dominant=empty (100% pure)
    Code   27:   34050 uses, dominant=empty (100% pure)
============================================================

Saved to /home/xiar3/experiments/STVqvae/logs/full_rigor/rigor_dk16_cb256_thr1_codebook.json
