/home/xiar3/experiments/miniforge3/envs/stvqvae/lib/python3.11/site-packages/torch/cuda/__init__.py:61: FutureWarning: The pynvml package is deprecated. Please install nvidia-ml-py instead. If you did not install pynvml directly, please report this to the maintainers of the package that installed pynvml for you.
  import pynvml  # type: ignore[import]
Gym has been unmaintained since 2022 and does not support NumPy 2.0 amongst other critical functionality.
Please upgrade to Gymnasium, the maintained drop-in replacement of Gym, or contact the authors of your software and request that they upgrade.
Users of this version of Gym should be able to simply replace 'import gym' with 'import gymnasium as gym' in the vast majority of cases.
See the migration guide at https://gymnasium.farama.org/introduction/migration_guide/ for additional information.
Loading checkpoint: /home/xiar3/experiments/STVqvae/discrete_mbrl/model_free/models/MiniGrid-DoorKey-8x8-v0/rigor_dk8_v2_s2_best_model.pt
Environment : MiniGrid-DoorKey-8x8-v0
Encoder     : v2
Device      : cuda
Loaded weights from checkpoint
VQVAE: n_latent=64 (8×8), embed_dim=64

Collecting 30000 frames with random policy...
  Collected 5000/30000 frames
  Collected 10000/30000 frames
  Collected 15000/30000 frames
  Collected 20000/30000 frames
  Collected 25000/30000 frames
  Collected 30000/30000 frames
Collected: embeddings=(30000, 4096), labels=(30000, 64)

Label distribution:
  empty      (id=1): 814364 (42.4%)
  wall       (id=2): 990000 (51.6%)
  door       (id=4): 29726 (1.5%)
  key        (id=5): 25910 (1.3%)
  goal       (id=8): 30000 (1.6%)
  agent      (id=10): 30000 (1.6%)

Training linear probe: 64 -> 11 over 20 epochs
  Epoch   1/20  loss=1.9123
  Epoch   5/20  loss=1.0856
  Epoch  10/20  loss=0.9230
  Epoch  15/20  loss=0.8694
  Epoch  20/20  loss=0.8455

=== Probe Results ===
Overall per-position accuracy: 61.6%

Per-class accuracy:
  empty      (id=1):   70.4%  (814364 samples)
  wall       (id=2):   61.6%  (990000 samples)
  door       (id=4):    0.0%  (29726 samples)
  key        (id=5):    0.0%  (25910 samples)
  goal       (id=8):    0.0%  (30000 samples)
  agent      (id=10):    2.1%  (30000 samples)

Confusion matrix (rows=true, cols=pred):
              empty    wall    door     key    goal   agent
empty        573009  240633       0       0       0     722
wall         377713  609547       0       0       0    2740
door          17192   12488       0       0       0      46
key           11640   13895       0       0       0     375
goal          19741   10258       0       0       0       1
agent         10142   19225       0       0       0     633

Probe saved to: ../models/MiniGrid-DoorKey-8x8-v0/semantic_probe_ea136dc7.pt
