/home/xiar3/experiments/miniforge3/envs/stvqvae/lib/python3.11/site-packages/torch/cuda/__init__.py:61: FutureWarning: The pynvml package is deprecated. Please install nvidia-ml-py instead. If you did not install pynvml directly, please report this to the maintainers of the package that installed pynvml for you.
  import pynvml  # type: ignore[import]
Gym has been unmaintained since 2022 and does not support NumPy 2.0 amongst other critical functionality.
Please upgrade to Gymnasium, the maintained drop-in replacement of Gym, or contact the authors of your software and request that they upgrade.
Users of this version of Gym should be able to simply replace 'import gym' with 'import gymnasium as gym' in the vast majority of cases.
See the migration guide at https://gymnasium.farama.org/introduction/migration_guide/ for additional information.
Loading: /home/xiar3/experiments/STVqvae/discrete_mbrl/model_free/models/MiniGrid-DoorKey-16x16-v0/rigor_dk16_cb512_thr2_best_model.pt
Env: MiniGrid-DoorKey-16x16-v0 (crafter=False)
Codebook: 512, Embed: 64
Constructed VQVAE with 256 latents and 512 codebook entries
EMA utilization: 512/512

Collecting 8000 frames...
  5000/8000 frames collected
Collected 2,048,000 (code, class) pairs

============================================================
CODEBOOK USAGE ANALYSIS
============================================================
  Codebook size        : 512
  Active codes         : 300/512 (58.6%)
  Dead codes           : 212/512 (41.4%)
  Avg code purity      : 98.5%
  H(class|code)        : 0.037 bits  (lower = codes are class-pure)
  H(code|class)        : 6.393 bits  (lower = each class uses few codes)
  H(code) [marginal]   : 7.357 bits  (max=9.0)

  Code allocation per class:
    Class          # Codes   Data %
    --------------------------------
    empty              208    69.9%
    wall                84    28.5%
    door                 1     0.4%
    key                  2     0.4%
    goal                 1     0.4%
    agent                4     0.4%

  Top 10 most-used codes:
    Code  251:   48000 uses, dominant=empty (100% pure)
    Code  380:   40007 uses, dominant=empty (100% pure)
    Code    7:   32000 uses, dominant=empty (100% pure)
    Code  227:   31701 uses, dominant=empty (100% pure)
    Code  300:   30353 uses, dominant=empty (100% pure)
    Code   43:   24342 uses, dominant=empty (99% pure)
    Code  506:   24050 uses, dominant=wall (100% pure)
    Code   26:   24000 uses, dominant=empty (100% pure)
    Code  406:   23988 uses, dominant=empty (100% pure)
    Code  145:   23968 uses, dominant=wall (100% pure)
============================================================

Saved to /home/xiar3/experiments/STVqvae/logs/full_rigor/rigor_dk16_cb512_thr2_codebook.json
