/home/xiar3/experiments/miniforge3/envs/stvqvae/lib/python3.11/site-packages/torch/cuda/__init__.py:61: FutureWarning: The pynvml package is deprecated. Please install nvidia-ml-py instead. If you did not install pynvml directly, please report this to the maintainers of the package that installed pynvml for you.
  import pynvml  # type: ignore[import]
Gym has been unmaintained since 2022 and does not support NumPy 2.0 amongst other critical functionality.
Please upgrade to Gymnasium, the maintained drop-in replacement of Gym, or contact the authors of your software and request that they upgrade.
Users of this version of Gym should be able to simply replace 'import gym' with 'import gymnasium as gym' in the vast majority of cases.
See the migration guide at https://gymnasium.farama.org/introduction/migration_guide/ for additional information.
Loading checkpoint: /home/xiar3/experiments/STVqvae/discrete_mbrl/model_free/models/MiniGrid-DoorKey-8x8-v0/rigor_dk8_v6_s1_best_model.pt
Environment : MiniGrid-DoorKey-8x8-v0
Encoder     : v6
Device      : cuda
Loaded weights from checkpoint
VQVAE: n_latent=64 (8×8), embed_dim=64

Collecting 30000 frames with random policy...
  Collected 5000/30000 frames
  Collected 10000/30000 frames
  Collected 15000/30000 frames
  Collected 20000/30000 frames
  Collected 25000/30000 frames
  Collected 30000/30000 frames
Collected: embeddings=(30000, 4096), labels=(30000, 64)

Label distribution:
  empty      (id=1): 814096 (42.4%)
  wall       (id=2): 990000 (51.6%)
  door       (id=4): 29651 (1.5%)
  key        (id=5): 26253 (1.4%)
  goal       (id=8): 30000 (1.6%)
  agent      (id=10): 30000 (1.6%)

Training linear probe: 64 -> 11 over 20 epochs
  Epoch   1/20  loss=1.5867
  Epoch   5/20  loss=0.6562
  Epoch  10/20  loss=0.4925
  Epoch  15/20  loss=0.4400
  Epoch  20/20  loss=0.4155

=== Probe Results ===
Overall per-position accuracy: 85.0%

Per-class accuracy:
  empty      (id=1):   83.8%  (814096 samples)
  wall       (id=2):   88.3%  (990000 samples)
  door       (id=4):    4.4%  (29651 samples)
  key        (id=5):   66.8%  (26253 samples)
  goal       (id=8):   99.8%  (30000 samples)
  agent      (id=10):   86.4%  (30000 samples)

Confusion matrix (rows=true, cols=pred):
              empty    wall    door     key    goal   agent
empty        682112  131199     649      36       4      96
wall         113509  874439    1846      43      47     116
door          11466   16886    1299       0       0       0
key            5982    1968      55   17531       0     717
goal              0      65       0       0   29935       0
agent          2489     605       7     971       0   25928

Probe saved to: ../models/MiniGrid-DoorKey-8x8-v0/semantic_probe_ea136dc7.pt
