/home/xiar3/experiments/miniforge3/envs/stvqvae/lib/python3.11/site-packages/torch/cuda/__init__.py:61: FutureWarning: The pynvml package is deprecated. Please install nvidia-ml-py instead. If you did not install pynvml directly, please report this to the maintainers of the package that installed pynvml for you.
  import pynvml  # type: ignore[import]
Gym has been unmaintained since 2022 and does not support NumPy 2.0 amongst other critical functionality.
Please upgrade to Gymnasium, the maintained drop-in replacement of Gym, or contact the authors of your software and request that they upgrade.
Users of this version of Gym should be able to simply replace 'import gym' with 'import gymnasium as gym' in the vast majority of cases.
See the migration guide at https://gymnasium.farama.org/introduction/migration_guide/ for additional information.
Loading checkpoint: /home/xiar3/experiments/STVqvae/discrete_mbrl/model_free/models/MiniGrid-DoorKey-8x8-v0/rigor_dk8_vae_s1_best_model.pt
Environment : MiniGrid-DoorKey-8x8-v0
Encoder     : v6
Device      : cuda
Traceback (most recent call last):
  File "/home/xiar3/experiments/STVqvae/discrete_mbrl/probe_semantics.py", line 305, in <module>
    main()
  File "/home/xiar3/experiments/STVqvae/discrete_mbrl/probe_semantics.py", line 252, in main
    ae_model = VQVAEModel(
               ^^^^^^^^^^^
  File "/home/xiar3/experiments/STVqvae/discrete_mbrl/../shared/models/encoder_models.py", line 467, in __init__
    self.quantizer = VectorQuantizerEMA(
                     ^^^^^^^^^^^^^^^^^^^
  File "/home/xiar3/experiments/STVqvae/discrete_mbrl/../shared/models/encoder_models.py", line 278, in __init__
    self._embedding = nn.Embedding(self._num_embeddings, self._embedding_dim)
                      ^^^^^^^^^^^^^^^^^^^^^^^^^^^^^^^^^^^^^^^^^^^^^^^^^^^^^^^
  File "/home/xiar3/experiments/miniforge3/envs/stvqvae/lib/python3.11/site-packages/torch/nn/modules/sparse.py", line 167, in __init__
    torch.empty((num_embeddings, embedding_dim), **factory_kwargs),
    ^^^^^^^^^^^^^^^^^^^^^^^^^^^^^^^^^^^^^^^^^^^^^^^^^^^^^^^^^^^^^^
TypeError: empty() received an invalid combination of arguments - got (tuple, dtype=NoneType, device=NoneType), but expected one of:
 * (tuple of ints size, *, tuple of names names, torch.memory_format memory_format = None, torch.dtype dtype = None, torch.layout layout = None, torch.device device = None, bool pin_memory = False, bool requires_grad = False)
 * (tuple of ints size, *, torch.memory_format memory_format = None, Tensor out = None, torch.dtype dtype = None, torch.layout layout = None, torch.device device = None, bool pin_memory = False, bool requires_grad = False)

