/home/xiar3/experiments/miniforge3/envs/stvqvae/lib/python3.11/site-packages/torch/cuda/__init__.py:61: FutureWarning: The pynvml package is deprecated. Please install nvidia-ml-py instead. If you did not install pynvml directly, please report this to the maintainers of the package that installed pynvml for you.
  import pynvml  # type: ignore[import]
Gym has been unmaintained since 2022 and does not support NumPy 2.0 amongst other critical functionality.
Please upgrade to Gymnasium, the maintained drop-in replacement of Gym, or contact the authors of your software and request that they upgrade.
Users of this version of Gym should be able to simply replace 'import gym' with 'import gymnasium as gym' in the vast majority of cases.
See the migration guide at https://gymnasium.farama.org/introduction/migration_guide/ for additional information.
Loading checkpoint: /home/xiar3/experiments/STVqvae/discrete_mbrl/model_free/models/MiniGrid-DoorKey-8x8-v0/rigor_dk8_v5dc_s1_best_model.pt
Environment : MiniGrid-DoorKey-8x8-v0
Encoder     : v5
Device      : cuda
Loaded weights from checkpoint
VQVAE: n_latent=64 (8×8), embed_dim=64

Collecting 30000 frames with random policy...
  Collected 5000/30000 frames
  Collected 10000/30000 frames
  Collected 15000/30000 frames
  Collected 20000/30000 frames
  Collected 25000/30000 frames
  Collected 30000/30000 frames
Collected: embeddings=(30000, 4096), labels=(30000, 64)

Label distribution:
  empty      (id=1): 813772 (42.4%)
  wall       (id=2): 990000 (51.6%)
  door       (id=4): 29782 (1.6%)
  key        (id=5): 26446 (1.4%)
  goal       (id=8): 30000 (1.6%)
  agent      (id=10): 30000 (1.6%)

Training linear probe: 64 -> 11 over 20 epochs
  Epoch   1/20  loss=2.1462
  Epoch   5/20  loss=1.2169
  Epoch  10/20  loss=0.7537
  Epoch  15/20  loss=0.5194
  Epoch  20/20  loss=0.3849

=== Probe Results ===
Overall per-position accuracy: 93.4%

Per-class accuracy:
  empty      (id=1):   90.9%  (813772 samples)
  wall       (id=2):   98.0%  (990000 samples)
  door       (id=4):   96.0%  (29782 samples)
  key        (id=5):   99.7%  (26446 samples)
  goal       (id=8):    0.0%  (30000 samples)
  agent      (id=10):   95.7%  (30000 samples)

Confusion matrix (rows=true, cols=pred):
              empty    wall    door     key    goal   agent
empty        739352   74291     129       0       0       0
wall          19733  970267       0       0       0       0
door           1175       9   28598       0       0       0
key              79       0       0   26367       0       0
goal             25   29975       0       0       0       0
agent          1298       0       0       0       0   28702

Probe saved to: ../models/MiniGrid-DoorKey-8x8-v0/semantic_probe_ea136dc7.pt
