Loading: /home/xiar3/experiments/STVqvae/discrete_mbrl/model_free/models/MiniGrid-DoorKey-8x8-v0/mf_e2e_semantic_doorkey_v5enc_best_model.pt
Transition model loaded (2,337,794 params)
Encoder v5, codebook=64, n_latents=64

Running semantic probe (30000 frames)...
STOP: TOTAL NO. OF ITERATIONS REACHED LIMIT

    https://scikit-learn.org/stable/modules/preprocessing.html
    https://scikit-learn.org/stable/modules/linear_model.html#logistic-regression

Collecting 8000 transitions for WM analysis...
  1000/8000 frames
  2000/8000 frames
  3000/8000 frames
  4000/8000 frames
  5000/8000 frames
  6000/8000 frames
  7000/8000 frames
  8000/8000 frames
Computing WM per-class accuracy...

======================================================================
PER-CLASS ANALYSIS
======================================================================
Class         Probe Acc     WM Acc    Count
---------------------------------------------
  empty            9.4%      29.2%  812,440
  wall            23.8%      76.4%  990,000
  door            51.9%       0.0%   29,695
  key             27.7%       0.2%   27,865
  goal            78.0%      98.5%   30,000
  agent           31.7%       0.1%   30,000

Pearson r (probe vs WM accuracy): 0.418

Saved to /home/xiar3/experiments/STVqvae/logs/wm_analysis/v5_spatial.json
