Loading: /home/xiar3/experiments/STVqvae/discrete_mbrl/model_free/models/MiniGrid-DoorKey-8x8-v0/mf_e2e_semantic_doorkey_v6enc_goal_best_model.pt
Transition model loaded (5,508,098 params)
Encoder v6, codebook=256, n_latents=64

Running semantic probe (30000 frames)...
STOP: TOTAL NO. OF ITERATIONS REACHED LIMIT

    https://scikit-learn.org/stable/modules/preprocessing.html
    https://scikit-learn.org/stable/modules/linear_model.html#logistic-regression

Collecting 8000 transitions for WM analysis...
  1000/8000 frames
  2000/8000 frames
  3000/8000 frames
  4000/8000 frames
  5000/8000 frames
  6000/8000 frames
  7000/8000 frames
  8000/8000 frames
Computing WM per-class accuracy...

======================================================================
PER-CLASS ANALYSIS
======================================================================
Class         Probe Acc     WM Acc    Count
---------------------------------------------
  empty           42.0%      30.2%  813,413
  wall            51.3%      53.6%  990,000
  door            99.1%       5.6%   29,882
  key             54.1%       3.1%   26,705
  goal           100.0%      72.7%   30,000
  agent           60.5%       0.8%   30,000

Pearson r (probe vs WM accuracy): 0.211

Saved to /home/xiar3/experiments/STVqvae/logs/wm_analysis/v6_full.json
