Loading: /home/xiar3/experiments/STVqvae/discrete_mbrl/model_free/models/MiniGrid-DoorKey-8x8-v0/doorkey_v6benc_ablation_best_model.pt
Transition model loaded (2,337,794 params)
Encoder v6b, codebook=64, n_latents=64

Running semantic probe (30000 frames)...
STOP: TOTAL NO. OF ITERATIONS REACHED LIMIT

    https://scikit-learn.org/stable/modules/preprocessing.html
    https://scikit-learn.org/stable/modules/linear_model.html#logistic-regression

Collecting 8000 transitions for WM analysis...
  1000/8000 frames
  2000/8000 frames
  3000/8000 frames
  4000/8000 frames
  5000/8000 frames
  6000/8000 frames
  7000/8000 frames
  8000/8000 frames
Computing WM per-class accuracy...

======================================================================
PER-CLASS ANALYSIS
======================================================================
Class         Probe Acc     WM Acc    Count
---------------------------------------------
  empty           21.9%      20.4%  812,497
  wall            50.3%      56.4%  990,000
  door            90.5%      21.3%   29,869
  key             60.0%       0.0%   27,634
  goal            99.3%      70.0%   30,000
  agent           36.5%       0.9%   30,000

Pearson r (probe vs WM accuracy): 0.480

Saved to /home/xiar3/experiments/STVqvae/logs/wm_analysis/v6b_coord_only.json
