/home/xiar3/experiments/miniforge3/envs/stvqvae/lib/python3.11/site-packages/torch/cuda/__init__.py:61: FutureWarning: The pynvml package is deprecated. Please install nvidia-ml-py instead. If you did not install pynvml directly, please report this to the maintainers of the package that installed pynvml for you.
  import pynvml  # type: ignore[import]
Gym has been unmaintained since 2022 and does not support NumPy 2.0 amongst other critical functionality.
Please upgrade to Gymnasium, the maintained drop-in replacement of Gym, or contact the authors of your software and request that they upgrade.
Users of this version of Gym should be able to simply replace 'import gym' with 'import gymnasium as gym' in the vast majority of cases.
See the migration guide at https://gymnasium.farama.org/introduction/migration_guide/ for additional information.
Loading checkpoint: /home/xiar3/experiments/STVqvae/discrete_mbrl/model_free/models/MiniGrid-DoorKey-8x8-v0/sweep_doorkey8_v5_s3_best_model.pt
Environment : MiniGrid-DoorKey-8x8-v0
Encoder     : v5
Device      : cuda
Loaded weights from checkpoint
VQVAE: n_latent=64 (8×8), embed_dim=64

Collecting 50000 frames with random policy...
  Collected 5000/50000 frames
  Collected 10000/50000 frames
  Collected 15000/50000 frames
  Collected 20000/50000 frames
  Collected 25000/50000 frames
  Collected 30000/50000 frames
  Collected 35000/50000 frames
  Collected 40000/50000 frames
  Collected 45000/50000 frames
  Collected 50000/50000 frames
Collected: embeddings=(50000, 4096), labels=(50000, 64)

Label distribution:
  empty      (id=1): 1354996 (42.3%)
  wall       (id=2): 1650000 (51.6%)
  door       (id=4): 49903 (1.6%)
  key        (id=5): 45101 (1.4%)
  goal       (id=8): 50000 (1.6%)
  agent      (id=10): 50000 (1.6%)

Training linear probe: 64 -> 11 over 20 epochs
  Epoch   1/20  loss=2.0321
  Epoch   5/20  loss=0.8979
  Epoch  10/20  loss=0.4976
  Epoch  15/20  loss=0.3432
  Epoch  20/20  loss=0.2738

=== Probe Results ===
Overall per-position accuracy: 91.5%

Per-class accuracy:
  empty      (id=1):   86.1%  (1354996 samples)
  wall       (id=2):   98.0%  (1650000 samples)
  door       (id=4):   96.8%  (49903 samples)
  key        (id=5):  100.0%  (45101 samples)
  goal       (id=8):    0.0%  (50000 samples)
  agent      (id=10):  100.0%  (50000 samples)

Confusion matrix (rows=true, cols=pred):
              empty    wall    door     key    goal   agent
empty       1167260  184617       0       0       0    3119
wall          32735 1617235       0       0       0      30
door           1535      50   48318       0       0       0
key               0       0       0   45101       0       0
goal              9   49991       0       0       0       0
agent             7       0       0       0       0   49993

Probe saved to: ../models/MiniGrid-DoorKey-8x8-v0/semantic_probe_ea136dc7.pt
