/home/xiar3/experiments/miniforge3/envs/stvqvae/lib/python3.11/site-packages/torch/cuda/__init__.py:61: FutureWarning: The pynvml package is deprecated. Please install nvidia-ml-py instead. If you did not install pynvml directly, please report this to the maintainers of the package that installed pynvml for you.
  import pynvml  # type: ignore[import]
Gym has been unmaintained since 2022 and does not support NumPy 2.0 amongst other critical functionality.
Please upgrade to Gymnasium, the maintained drop-in replacement of Gym, or contact the authors of your software and request that they upgrade.
Users of this version of Gym should be able to simply replace 'import gym' with 'import gymnasium as gym' in the vast majority of cases.
See the migration guide at https://gymnasium.farama.org/introduction/migration_guide/ for additional information.
Loading: /home/xiar3/experiments/STVqvae/discrete_mbrl/model_free/models/MiniGrid-DoorKey-8x8-v0/sweep_dk8_v2_s5_best_model.pt
Transition model (discrete) loaded (2,895,938 params)
Encoder vqvae v2, ae_type=vqvae, trans_type=discrete

Running semantic probe (20000 frames)...
/home/xiar3/experiments/miniforge3/envs/stvqvae/lib/python3.11/site-packages/sklearn/linear_model/_logistic.py:406: ConvergenceWarning: lbfgs failed to converge after 300 iteration(s) (status=1):
STOP: TOTAL NO. OF ITERATIONS REACHED LIMIT

Increase the number of iterations to improve the convergence (max_iter=300).
You might also want to scale the data as shown in:
    https://scikit-learn.org/stable/modules/preprocessing.html
Please also refer to the documentation for alternative solver options:
    https://scikit-learn.org/stable/modules/linear_model.html#logistic-regression
  n_iter_i = _check_optimize_result(

Multi-step WM rollouts: 500 × up to 10 steps
  rollouts: 50/500
  rollouts: 100/500
  rollouts: 150/500
  rollouts: 200/500
  rollouts: 250/500
  rollouts: 300/500
  rollouts: 350/500
  rollouts: 400/500
  rollouts: 450/500
  rollouts: 500/500

================================================================================
MULTI-STEP PER-CLASS ACCURACY
================================================================================
Class           Probe   WM-1step   WM-3step   WM-5step  WM-10step     Count
---------------------------------------------------------------------------
  empty        19.1%      27.4%      30.7%      31.7%      30.9%   752,776
  wall         30.8%      27.3%      31.1%      31.0%      31.0%   768,564
  door         70.8%       6.3%       7.4%       7.2%       7.2%    25,863
  key          44.9%       0.3%       2.8%       2.8%       3.8%    27,108
  goal         96.3%      60.2%      53.6%      56.2%      55.8%    20,000
  agent        38.8%       1.1%       2.4%       5.2%       5.8%    25,689

Pearson r (probe vs WM-k-step):
  k= 1: +0.465
  k= 3: +0.353
  k= 5: +0.365
  k=10: +0.372

Saved to /home/xiar3/experiments/STVqvae/logs/wm_multistep/sweep_dk8_v2_s5.json
