/home/xiar3/experiments/miniforge3/envs/stvqvae/lib/python3.11/site-packages/torch/cuda/__init__.py:61: FutureWarning: The pynvml package is deprecated. Please install nvidia-ml-py instead. If you did not install pynvml directly, please report this to the maintainers of the package that installed pynvml for you.
  import pynvml  # type: ignore[import]
Gym has been unmaintained since 2022 and does not support NumPy 2.0 amongst other critical functionality.
Please upgrade to Gymnasium, the maintained drop-in replacement of Gym, or contact the authors of your software and request that they upgrade.
Users of this version of Gym should be able to simply replace 'import gym' with 'import gymnasium as gym' in the vast majority of cases.
See the migration guide at https://gymnasium.farama.org/introduction/migration_guide/ for additional information.
Loading checkpoint: /home/xiar3/experiments/STVqvae/discrete_mbrl/model_free/models/MiniGrid-DoorKey-8x8-v0/sweep_doorkey8_v9_s3_best_model.pt
Environment : MiniGrid-DoorKey-8x8-v0
Encoder     : v9
Device      : cuda
Loaded weights from checkpoint
VQVAE: n_latent=64 (8×8), embed_dim=64

Collecting 50000 frames with random policy...
  Collected 5000/50000 frames
  Collected 10000/50000 frames
  Collected 15000/50000 frames
  Collected 20000/50000 frames
  Collected 25000/50000 frames
  Collected 30000/50000 frames
  Collected 35000/50000 frames
  Collected 40000/50000 frames
  Collected 45000/50000 frames
  Collected 50000/50000 frames
Collected: embeddings=(50000, 4096), labels=(50000, 64)

Label distribution:
  empty      (id=1): 1355892 (42.4%)
  wall       (id=2): 1650000 (51.6%)
  door       (id=4): 49605 (1.6%)
  key        (id=5): 44503 (1.4%)
  goal       (id=8): 50000 (1.6%)
  agent      (id=10): 50000 (1.6%)

Training linear probe: 64 -> 11 over 20 epochs
  Epoch   1/20  loss=1.6981
  Epoch   5/20  loss=0.7929
  Epoch  10/20  loss=0.6895
  Epoch  15/20  loss=0.6606
  Epoch  20/20  loss=0.6476

=== Probe Results ===
Overall per-position accuracy: 70.4%

Per-class accuracy:
  empty      (id=1):   57.2%  (1355892 samples)
  wall       (id=2):   81.5%  (1650000 samples)
  door       (id=4):   84.2%  (49605 samples)
  key        (id=5):  100.0%  (44503 samples)
  goal       (id=8):    0.0%  (50000 samples)
  agent      (id=10):   88.9%  (50000 samples)

Confusion matrix (rows=true, cols=pred):
              empty    wall    door     key    goal   agent
empty        776095  579630     126       0       0      41
wall         305383 1344543       4       0       0      70
door           5457    2384   41764       0       0       0
key               0       0       0   44503       0       0
goal           4011   45989       0       0       0       0
agent          4718     829       0       0       0   44453

Probe saved to: ../models/MiniGrid-DoorKey-8x8-v0/semantic_probe_ea136dc7.pt
