/home/xiar3/experiments/miniforge3/envs/stvqvae/lib/python3.11/site-packages/torch/cuda/__init__.py:61: FutureWarning: The pynvml package is deprecated. Please install nvidia-ml-py instead. If you did not install pynvml directly, please report this to the maintainers of the package that installed pynvml for you.
  import pynvml  # type: ignore[import]
Gym has been unmaintained since 2022 and does not support NumPy 2.0 amongst other critical functionality.
Please upgrade to Gymnasium, the maintained drop-in replacement of Gym, or contact the authors of your software and request that they upgrade.
Users of this version of Gym should be able to simply replace 'import gym' with 'import gymnasium as gym' in the vast majority of cases.
See the migration guide at https://gymnasium.farama.org/introduction/migration_guide/ for additional information.
Loading: /home/xiar3/experiments/STVqvae/discrete_mbrl/model_free/models/MiniGrid-DoorKey-8x8-v0/sweep_dk8_vae_s4_best_model.pt
Transition model (continuous) loaded (2,333,698 params)
Encoder vae_spatial v6, ae_type=vae_spatial, trans_type=continuous

Running semantic probe (20000 frames)...

Multi-step WM rollouts: 500 × up to 10 steps
  rollouts: 50/500
  rollouts: 100/500
  rollouts: 150/500
  rollouts: 200/500
  rollouts: 250/500
  rollouts: 300/500
  rollouts: 350/500
  rollouts: 400/500
  rollouts: 450/500
  rollouts: 500/500

================================================================================
MULTI-STEP PER-CLASS ACCURACY
================================================================================
Class           Probe   WM-1step   WM-3step   WM-5step  WM-10step     Count
---------------------------------------------------------------------------
  empty        41.9%       1.4%       1.9%       1.9%       1.8%   541,392
  wall         59.6%       1.9%       1.5%       1.6%       1.5%   660,000
  door         99.2%       2.0%       1.6%       1.6%       1.6%    19,898
  key          67.4%       1.8%       0.8%       2.6%       2.2%    18,710
  goal         99.7%       2.4%       0.6%       0.8%       0.8%    20,000
  agent        54.5%       1.2%       1.2%       1.6%       2.0%    20,000

Pearson r (probe vs WM-k-step):
  k= 1: +0.814
  k= 3: -0.483
  k= 5: -0.511
  k=10: -0.608

Saved to /home/xiar3/experiments/STVqvae/logs/wm_multistep/sweep_dk8_vae_s4.json
