/home/xiar3/experiments/miniforge3/envs/stvqvae/lib/python3.11/site-packages/torch/cuda/__init__.py:61: FutureWarning: The pynvml package is deprecated. Please install nvidia-ml-py instead. If you did not install pynvml directly, please report this to the maintainers of the package that installed pynvml for you.
  import pynvml  # type: ignore[import]
Gym has been unmaintained since 2022 and does not support NumPy 2.0 amongst other critical functionality.
Please upgrade to Gymnasium, the maintained drop-in replacement of Gym, or contact the authors of your software and request that they upgrade.
Users of this version of Gym should be able to simply replace 'import gym' with 'import gymnasium as gym' in the vast majority of cases.
See the migration guide at https://gymnasium.farama.org/introduction/migration_guide/ for additional information.
Loading checkpoint: /home/xiar3/experiments/STVqvae/discrete_mbrl/model_free/models/MiniGrid-DoorKey-8x8-v0/sweep_doorkey8_v2_s2_best_model.pt
Environment : MiniGrid-DoorKey-8x8-v0
Encoder     : v2
Device      : cuda
Loaded weights from checkpoint
VQVAE: n_latent=81 (9×9), embed_dim=64

Collecting 50000 frames with random policy...
  Collected 5000/50000 frames
  Collected 10000/50000 frames
  Collected 15000/50000 frames
  Collected 20000/50000 frames
  Collected 25000/50000 frames
  Collected 30000/50000 frames
  Collected 35000/50000 frames
  Collected 40000/50000 frames
  Collected 45000/50000 frames
  Collected 50000/50000 frames
Collected: embeddings=(50000, 5184), labels=(50000, 81)

Label distribution:
  empty      (id=1): 1741343 (43.0%)
  wall       (id=2): 2031008 (50.1%)
  door       (id=4): 100933 (2.5%)
  key        (id=5): 61548 (1.5%)
  goal       (id=8): 50000 (1.2%)
  agent      (id=10): 65168 (1.6%)

Training linear probe: 64 -> 11 over 20 epochs
  Epoch   1/20  loss=1.9155
  Epoch   5/20  loss=1.1832
  Epoch  10/20  loss=0.9933
  Epoch  15/20  loss=0.9340
  Epoch  20/20  loss=0.9090

=== Probe Results ===
Overall per-position accuracy: 55.6%

Per-class accuracy:
  empty      (id=1):   65.3%  (1741343 samples)
  wall       (id=2):   54.9%  (2031008 samples)
  door       (id=4):    0.0%  (100933 samples)
  key        (id=5):    0.0%  (61548 samples)
  goal       (id=8):    0.0%  (50000 samples)
  agent      (id=10):    0.0%  (65168 samples)

Confusion matrix (rows=true, cols=pred):
              empty    wall    door     key    goal   agent
empty       1137932  603401       0       0       0      10
wall         916537 1114034       0       0       0     437
door          45336   55580       0       0       0      17
key           45117   16428       0       0       0       3
goal          23210   26790       0       0       0       0
agent         12725   52427       0       0       0      16

Probe saved to: ../models/MiniGrid-DoorKey-8x8-v0/semantic_probe_ea136dc7.pt
