/home/xiar3/experiments/miniforge3/envs/stvqvae/lib/python3.11/site-packages/torch/cuda/__init__.py:61: FutureWarning: The pynvml package is deprecated. Please install nvidia-ml-py instead. If you did not install pynvml directly, please report this to the maintainers of the package that installed pynvml for you.
  import pynvml  # type: ignore[import]
Gym has been unmaintained since 2022 and does not support NumPy 2.0 amongst other critical functionality.
Please upgrade to Gymnasium, the maintained drop-in replacement of Gym, or contact the authors of your software and request that they upgrade.
Users of this version of Gym should be able to simply replace 'import gym' with 'import gymnasium as gym' in the vast majority of cases.
See the migration guide at https://gymnasium.farama.org/introduction/migration_guide/ for additional information.
Loading: /home/xiar3/experiments/STVqvae/discrete_mbrl/model_free/models/MiniGrid-DoorKey-8x8-v0/sweep_dk8_v2_s4_best_model.pt
Transition model (discrete) loaded (2,895,938 params)
Encoder vqvae v2, ae_type=vqvae, trans_type=discrete

Running semantic probe (20000 frames)...

Multi-step WM rollouts: 500 × up to 10 steps
  rollouts: 50/500
  rollouts: 100/500
  rollouts: 150/500
  rollouts: 200/500
  rollouts: 250/500
  rollouts: 300/500
  rollouts: 350/500
  rollouts: 400/500
  rollouts: 450/500
  rollouts: 500/500

================================================================================
MULTI-STEP PER-CLASS ACCURACY
================================================================================
Class           Probe   WM-1step   WM-3step   WM-5step  WM-10step     Count
---------------------------------------------------------------------------
  empty        21.7%      32.2%      32.3%      30.5%      32.0%   770,378
  wall         27.6%      23.2%      25.4%      25.6%      26.3%   760,000
  door         79.1%      15.3%      13.3%      10.9%      12.8%    19,911
  key          58.4%       0.2%       0.2%       0.3%       0.0%    21,713
  goal        100.0%      13.6%       9.8%      11.0%      10.6%    20,000
  agent        32.3%       1.4%       2.1%       5.1%       7.8%    27,998

Pearson r (probe vs WM-k-step):
  k= 1: -0.309
  k= 3: -0.449
  k= 5: -0.497
  k=10: -0.537

Saved to /home/xiar3/experiments/STVqvae/logs/wm_multistep/sweep_dk8_v2_s4.json
