/home/xiar3/experiments/miniforge3/envs/stvqvae/lib/python3.11/site-packages/torch/cuda/__init__.py:61: FutureWarning: The pynvml package is deprecated. Please install nvidia-ml-py instead. If you did not install pynvml directly, please report this to the maintainers of the package that installed pynvml for you.
  import pynvml  # type: ignore[import]
Gym has been unmaintained since 2022 and does not support NumPy 2.0 amongst other critical functionality.
Please upgrade to Gymnasium, the maintained drop-in replacement of Gym, or contact the authors of your software and request that they upgrade.
Users of this version of Gym should be able to simply replace 'import gym' with 'import gymnasium as gym' in the vast majority of cases.
See the migration guide at https://gymnasium.farama.org/introduction/migration_guide/ for additional information.
Loading: /home/xiar3/experiments/STVqvae/discrete_mbrl/model_free/models/MiniGrid-DoorKey-16x16-v0/sweep_doorkey16_v5dc_s3_best_model.pt
Transition model (discrete) loaded (38,145,026 params)
Encoder vqvae v5, ae_type=vqvae, trans_type=discrete

Running semantic probe (20000 frames)...

Multi-step WM rollouts: 500 × up to 10 steps
  rollouts: 50/500
  rollouts: 100/500
  rollouts: 150/500
  rollouts: 200/500
  rollouts: 250/500
  rollouts: 300/500
  rollouts: 350/500
  rollouts: 400/500
  rollouts: 450/500
  rollouts: 500/500

================================================================================
MULTI-STEP PER-CLASS ACCURACY
================================================================================
Class           Probe   WM-1step   WM-3step   WM-5step  WM-10step     Count
---------------------------------------------------------------------------
  empty         5.2%       1.2%       0.4%       2.2%       1.4%  3,580,872
  wall          4.0%       0.7%       0.1%       1.1%       0.9%  1,460,000
  door         47.2%       0.2%       0.4%       0.8%       0.4%    19,999
  key          89.6%       3.2%       0.0%       1.4%       0.6%    19,129
  goal         11.7%       0.0%       0.0%       0.8%       0.0%    20,000
  agent         7.6%       0.4%       0.8%       0.6%       0.8%    20,000

Pearson r (probe vs WM-k-step):
  k= 1: +0.740
  k= 3: -0.385
  k= 5: +0.019
  k=10: -0.297

Saved to /home/xiar3/experiments/STVqvae/logs/wm_multistep/sweep_doorkey16_v5dc_s3.json
