/home/xiar3/experiments/miniforge3/envs/stvqvae/lib/python3.11/site-packages/torch/cuda/__init__.py:61: FutureWarning: The pynvml package is deprecated. Please install nvidia-ml-py instead. If you did not install pynvml directly, please report this to the maintainers of the package that installed pynvml for you.
  import pynvml  # type: ignore[import]
Gym has been unmaintained since 2022 and does not support NumPy 2.0 amongst other critical functionality.
Please upgrade to Gymnasium, the maintained drop-in replacement of Gym, or contact the authors of your software and request that they upgrade.
Users of this version of Gym should be able to simply replace 'import gym' with 'import gymnasium as gym' in the vast majority of cases.
See the migration guide at https://gymnasium.farama.org/introduction/migration_guide/ for additional information.
Loading: /home/xiar3/experiments/STVqvae/discrete_mbrl/model_free/models/MiniGrid-DoorKey-16x16-v0/sweep_doorkey16_v6_s1_best_model.pt
Transition model (discrete) loaded (38,145,026 params)
Encoder vqvae v6, ae_type=vqvae, trans_type=discrete

Running semantic probe (20000 frames)...
/home/xiar3/experiments/miniforge3/envs/stvqvae/lib/python3.11/site-packages/sklearn/linear_model/_logistic.py:406: ConvergenceWarning: lbfgs failed to converge after 300 iteration(s) (status=1):
STOP: TOTAL NO. OF ITERATIONS REACHED LIMIT

Increase the number of iterations to improve the convergence (max_iter=300).
You might also want to scale the data as shown in:
    https://scikit-learn.org/stable/modules/preprocessing.html
Please also refer to the documentation for alternative solver options:
    https://scikit-learn.org/stable/modules/linear_model.html#logistic-regression
  n_iter_i = _check_optimize_result(

Multi-step WM rollouts: 500 × up to 10 steps
  rollouts: 50/500
  rollouts: 100/500
  rollouts: 150/500
  rollouts: 200/500
  rollouts: 250/500
  rollouts: 300/500
  rollouts: 350/500
  rollouts: 400/500
  rollouts: 450/500
  rollouts: 500/500

================================================================================
MULTI-STEP PER-CLASS ACCURACY
================================================================================
Class           Probe   WM-1step   WM-3step   WM-5step  WM-10step     Count
---------------------------------------------------------------------------
  empty        42.0%      47.6%      46.7%      45.3%      44.4%  3,580,073
  wall         63.0%      60.9%      61.6%      61.0%      61.0%  1,460,000
  door        100.0%       7.6%       8.4%       7.0%       7.6%    20,000
  key          96.1%       0.6%       1.0%       0.2%       1.0%    19,927
  goal        100.0%     100.0%     100.0%     100.0%     100.0%    20,000
  agent        56.3%       0.4%       1.4%       1.6%       2.4%    20,000

Pearson r (probe vs WM-k-step):
  k= 1: +0.024
  k= 3: +0.030
  k= 5: +0.030
  k=10: +0.040

Saved to /home/xiar3/experiments/STVqvae/logs/wm_multistep/sweep_doorkey16_v6_s1.json
