/home/xiar3/experiments/miniforge3/envs/stvqvae/lib/python3.11/site-packages/torch/cuda/__init__.py:61: FutureWarning: The pynvml package is deprecated. Please install nvidia-ml-py instead. If you did not install pynvml directly, please report this to the maintainers of the package that installed pynvml for you.
  import pynvml  # type: ignore[import]
Gym has been unmaintained since 2022 and does not support NumPy 2.0 amongst other critical functionality.
Please upgrade to Gymnasium, the maintained drop-in replacement of Gym, or contact the authors of your software and request that they upgrade.
Users of this version of Gym should be able to simply replace 'import gym' with 'import gymnasium as gym' in the vast majority of cases.
See the migration guide at https://gymnasium.farama.org/introduction/migration_guide/ for additional information.
Loading: /home/xiar3/experiments/STVqvae/discrete_mbrl/model_free/models/MiniGrid-DoorKey-16x16-v0/sweep_doorkey16_v6_s2_best_model.pt
Transition model (discrete) loaded (38,145,026 params)
Encoder vqvae v6, ae_type=vqvae, trans_type=discrete

Running semantic probe (20000 frames)...

Multi-step WM rollouts: 500 × up to 10 steps
  rollouts: 50/500
  rollouts: 100/500
  rollouts: 150/500
  rollouts: 200/500
  rollouts: 250/500
  rollouts: 300/500
  rollouts: 350/500
  rollouts: 400/500
  rollouts: 450/500
  rollouts: 500/500

================================================================================
MULTI-STEP PER-CLASS ACCURACY
================================================================================
Class           Probe   WM-1step   WM-3step   WM-5step  WM-10step     Count
---------------------------------------------------------------------------
  empty        53.3%      45.6%      48.2%      47.4%      47.4%  3,580,957
  wall         67.6%      58.0%      58.2%      58.2%      58.1%  1,460,000
  door        100.0%       5.0%       3.0%       3.4%       2.2%    19,995
  key          91.7%      13.2%      12.8%      12.4%      11.8%    19,048
  goal        100.0%      98.6%     100.0%     100.0%      99.8%    20,000
  agent        70.0%       9.6%       7.8%       8.6%      11.2%    20,000

Pearson r (probe vs WM-k-step):
  k= 1: +0.027
  k= 3: +0.007
  k= 5: +0.011
  k=10: -0.005

Saved to /home/xiar3/experiments/STVqvae/logs/wm_multistep/sweep_doorkey16_v6_s2.json
