/home/xiar3/experiments/miniforge3/envs/stvqvae/lib/python3.11/site-packages/torch/cuda/__init__.py:61: FutureWarning: The pynvml package is deprecated. Please install nvidia-ml-py instead. If you did not install pynvml directly, please report this to the maintainers of the package that installed pynvml for you.
  import pynvml  # type: ignore[import]
Gym has been unmaintained since 2022 and does not support NumPy 2.0 amongst other critical functionality.
Please upgrade to Gymnasium, the maintained drop-in replacement of Gym, or contact the authors of your software and request that they upgrade.
Users of this version of Gym should be able to simply replace 'import gym' with 'import gymnasium as gym' in the vast majority of cases.
See the migration guide at https://gymnasium.farama.org/introduction/migration_guide/ for additional information.
Loading checkpoint: model_free/models/MiniGrid-DoorKey-8x8-v0/mf_e2e_semantic_doorkey_v5enc_deadcode_best_model.pt
Environment : MiniGrid-DoorKey-8x8-v0
Encoder     : v5
Device      : cuda
Loaded weights from checkpoint
VQVAE: n_latent=64 (8×8), embed_dim=64

Collecting 50000 frames with random policy...
  Collected 5000/50000 frames
  Collected 10000/50000 frames
  Collected 15000/50000 frames
  Collected 20000/50000 frames
  Collected 25000/50000 frames
  Collected 30000/50000 frames
  Collected 35000/50000 frames
  Collected 40000/50000 frames
  Collected 45000/50000 frames
  Collected 50000/50000 frames
Collected: embeddings=(50000, 4096), labels=(50000, 64)

Label distribution:
  empty      (id=1): 1354343 (42.3%)
  wall       (id=2): 1650000 (51.6%)
  door       (id=4): 49827 (1.6%)
  key        (id=5): 45830 (1.4%)
  goal       (id=8): 50000 (1.6%)
  agent      (id=10): 50000 (1.6%)

Training linear probe: 64 -> 11 over 20 epochs
  Epoch   1/20  loss=2.0103
  Epoch   5/20  loss=0.9258
  Epoch  10/20  loss=0.6036
  Epoch  15/20  loss=0.4876
  Epoch  20/20  loss=0.4376

=== Probe Results ===
Overall per-position accuracy: 82.4%

Per-class accuracy:
  empty      (id=1):   69.0%  (1354343 samples)
  wall       (id=2):   91.5%  (1650000 samples)
  door       (id=4):   97.8%  (49827 samples)
  key        (id=5):  100.0%  (45830 samples)
  goal       (id=8):  100.0%  (50000 samples)
  agent      (id=10):   98.6%  (50000 samples)

Confusion matrix (rows=true, cols=pred):
              empty    wall    door     key    goal   agent
empty        933953  417195      20       0    3175       0
wall          95186 1510306     464       0   44044       0
door           1084       0   48743       0       0       0
key               0       0       0   45830       0       0
goal              0       0       0       0   50000       0
agent           599      40       0       0      37   49324

Probe saved to: ../models/MiniGrid-DoorKey-8x8-v0/semantic_probe_ea136dc7.pt
