/home/xiar3/experiments/miniforge3/envs/stvqvae/lib/python3.11/site-packages/torch/cuda/__init__.py:61: FutureWarning: The pynvml package is deprecated. Please install nvidia-ml-py instead. If you did not install pynvml directly, please report this to the maintainers of the package that installed pynvml for you.
  import pynvml  # type: ignore[import]
Gym has been unmaintained since 2022 and does not support NumPy 2.0 amongst other critical functionality.
Please upgrade to Gymnasium, the maintained drop-in replacement of Gym, or contact the authors of your software and request that they upgrade.
Users of this version of Gym should be able to simply replace 'import gym' with 'import gymnasium as gym' in the vast majority of cases.
See the migration guide at https://gymnasium.farama.org/introduction/migration_guide/ for additional information.
Loading checkpoint: model_free/models/crafter/mf_e2e_semantic_crafter_v6enc_fix_best_model.pt
Env: crafter
Codebook size: 1024  |  Embedding dim: 64
Filter size: 8  |  Model version: 6
Dead code threshold: 2.0
Constructed VQVAE with 64 latents and 1024 codebook entries

Latent grid: 8×8 = 64 tokens
Codebook utilisation (EMA>0.5): 1024/1024 (100.0%)

Collecting 30000 frames with random policy...
  5000/30000 frames collected
  10000/30000 frames collected
  15000/30000 frames collected
  20000/30000 frames collected
  25000/30000 frames collected
  30000/30000 frames collected
Collected: indices=(30000, 64), labels=(30000, 64)

Label distribution (1920000 valid pixels):
  water           (id= 1):  413817 (21.6%)
  grass           (id= 2):  818304 (42.6%)
  stone           (id= 3):  261591 (13.6%)
  path            (id= 4):  154095 (8.0%)
  sand            (id= 5):  107793 (5.6%)
  tree            (id= 6):   96620 (5.0%)
  lava            (id= 7):   14922 (0.8%)
  coal            (id= 8):   24561 (1.3%)
  iron            (id= 9):    7666 (0.4%)
  diamond         (id=10):    1814 (0.1%)
  plant           (id=13):     263 (0.0%)
  fence           (id=14):   10967 (0.6%)
  player          (id=15):    2452 (0.1%)
  cow             (id=16):    5022 (0.3%)
  zombie          (id=17):     102 (0.0%)
  skeleton        (id=18):      11 (0.0%)

Probe training: 1536000 train / 384000 test samples
  Epoch 5/30  loss=1.5914
  Epoch 10/30  loss=1.5912
  Epoch 15/30  loss=1.5912
  Epoch 20/30  loss=1.5912
  Epoch 25/30  loss=1.5912
  Epoch 30/30  loss=1.5912

Overall accuracy: 42.8%

Per-class accuracy (classes present in test set):
  Class                  N     Acc
  -----------------------------------
  water              82623    5.3%
  grass             163528   97.4% ✓
  stone              52386    0.9%
  path               30914    0.3%
  sand               21374    0.3%
  tree               19572    0.2%
  lava                3053    1.6%
  coal                4922    0.5%
  iron                1502    1.0%
  diamond              375    0.0%
  plant                 44    0.0%
  fence               2208    0.0%
  player               478    0.0%
  cow                  996    0.0%
  zombie                21    0.0%
  skeleton               4    0.0%

Classes with >1% accuracy: 3 / 16

==================================================
SUMMARY
  Model : mf_e2e_semantic_crafter_v6enc_fix_best_model.pt
  Codebook util: 1024/1024 (100.0%)
  Overall probe accuracy: 42.8%
  Classes with >10% accuracy: 1 / 16
==================================================
