/home/xiar3/experiments/miniforge3/envs/stvqvae/lib/python3.11/site-packages/torch/cuda/__init__.py:61: FutureWarning: The pynvml package is deprecated. Please install nvidia-ml-py instead. If you did not install pynvml directly, please report this to the maintainers of the package that installed pynvml for you.
  import pynvml  # type: ignore[import]
Gym has been unmaintained since 2022 and does not support NumPy 2.0 amongst other critical functionality.
Please upgrade to Gymnasium, the maintained drop-in replacement of Gym, or contact the authors of your software and request that they upgrade.
Users of this version of Gym should be able to simply replace 'import gym' with 'import gymnasium as gym' in the vast majority of cases.
See the migration guide at https://gymnasium.farama.org/introduction/migration_guide/ for additional information.
Loading: model_free/models/crafter/mf_e2e_semantic_crafter_v6enc_cal2_best_model.pt
Constructed VQVAE with 64 latents and 1024 codebook entries
Grid: 8x8=64 | embed_dim=64
sem_pre_vq = False
  2000/10000 frames
  4000/10000 frames
  6000/10000 frames
  8000/10000 frames
  10000/10000 frames

=== Trained Semantic Head Evaluation ===
Frames: 10000 | Valid tokens: 640,000
sem_pre_vq: False

Overall accuracy: 37.1%
  Class               N     Acc   Pred%
  --------------------------------------
  water          133490    5.6%    4.9%
  grass          281917   79.3%   78.3% ✓
  stone           87530    0.0%    0.0%
  path            48645    1.3%    0.9%
  sand            38983   14.1%   13.2% ✓
  tree            28426    0.0%    0.0%
  lava             5109    0.0%    0.0%
  coal             7087    2.7%    2.6%
  iron             2288    0.0%    0.0%
  diamond           141    0.0%    0.0%
  plant             129    0.0%    0.0%
  fence            3355    0.0%    0.0%
  player           1179    0.0%    0.0%
  cow              1687    0.0%    0.0%
  zombie             18    0.0%    0.0%
  skeleton           16    0.0%    0.0%

  → Classes >10% accuracy: 2/16

Prediction distribution (what does the head actually predict?):
  class  2 (grass     ):  501071 (78.3%)
  class  5 (sand      ):   84787 (13.2%)
  class  1 (water     ):   31579 (4.9%)
  class  8 (coal      ):   16581 (2.6%)
  class  4 (path      ):    5888 (0.9%)
  class  6 (tree      ):      94 (0.0%)

============================================
SUMMARY: Trained sem_head accuracy = 37.1%
         Classes with >10% acc     = 2/16
