
########################################################################
# STAGE: W1_DK8  at Tue 21 Apr 20:59:15 UTC 2026
########################################################################

════════════════════════════════════════════════════════════════
  [1/6] Enc=v2  Seed=4  Env=dk8  Run=sweep_dk8_v2_s4
  Tue 21 Apr 20:59:15 UTC 2026
════════════════════════════════════════════════════════════════
  Training 5000000 steps... (log: /home/xiar3/experiments/STVqvae/logs/sweep/sweep_dk8_v2_s4.log)  wm_aux_coef=0.1
  ✓ Training done: best=0.9988 final=0.9985 avg=0.9970
  Running multi-step WM analysis...
  → Saved to /home/xiar3/experiments/STVqvae/logs/sweep/sweep_results_v2.csv

════════════════════════════════════════════════════════════════
  [2/6] Enc=v2  Seed=5  Env=dk8  Run=sweep_dk8_v2_s5
  Tue 21 Apr 22:56:15 UTC 2026
════════════════════════════════════════════════════════════════
  Training 5000000 steps... (log: /home/xiar3/experiments/STVqvae/logs/sweep/sweep_dk8_v2_s5.log)  wm_aux_coef=0.1
  ✓ Training done: best=0.9988 final=0.9983 avg=0.9976
  Running multi-step WM analysis...
  → Saved to /home/xiar3/experiments/STVqvae/logs/sweep/sweep_results_v2.csv

════════════════════════════════════════════════════════════════
  [3/6] Enc=v5dc  Seed=4  Env=dk8  Run=sweep_dk8_v5dc_s4
  Wed 22 Apr 00:53:21 UTC 2026
════════════════════════════════════════════════════════════════
  Training 5000000 steps... (log: /home/xiar3/experiments/STVqvae/logs/sweep/sweep_dk8_v5dc_s4.log)  wm_aux_coef=0.1
  ✓ Training done: best=0.9987 final=0.9985 avg=0.9967
  Running multi-step WM analysis...
  → Saved to /home/xiar3/experiments/STVqvae/logs/sweep/sweep_results_v2.csv

════════════════════════════════════════════════════════════════
  [4/6] Enc=v5dc  Seed=5  Env=dk8  Run=sweep_dk8_v5dc_s5
  Wed 22 Apr 02:41:24 UTC 2026
════════════════════════════════════════════════════════════════
  Training 5000000 steps... (log: /home/xiar3/experiments/STVqvae/logs/sweep/sweep_dk8_v5dc_s5.log)  wm_aux_coef=0.1
  ✓ Training done: best=0.9988 final=0.9984 avg=0.9962
  Running multi-step WM analysis...
  → Saved to /home/xiar3/experiments/STVqvae/logs/sweep/sweep_results_v2.csv

════════════════════════════════════════════════════════════════
  [5/6] Enc=v6  Seed=4  Env=dk8  Run=sweep_dk8_v6_s4
  Wed 22 Apr 04:29:08 UTC 2026
════════════════════════════════════════════════════════════════
  Training 5000000 steps... (log: /home/xiar3/experiments/STVqvae/logs/sweep/sweep_dk8_v6_s4.log)  wm_aux_coef=0.1
  ✓ Training done: best=0.9988 final=0.9983 avg=0.9953
  Running multi-step WM analysis...
  → Saved to /home/xiar3/experiments/STVqvae/logs/sweep/sweep_results_v2.csv

════════════════════════════════════════════════════════════════
  [6/6] Enc=v6  Seed=5  Env=dk8  Run=sweep_dk8_v6_s5
  Wed 22 Apr 06:33:19 UTC 2026
════════════════════════════════════════════════════════════════
  Training 5000000 steps... (log: /home/xiar3/experiments/STVqvae/logs/sweep/sweep_dk8_v6_s5.log)  wm_aux_coef=0.1
  ✓ Training done: best=0.9397 final=0.9019 avg=0.6084
  Running multi-step WM analysis...
  → Saved to /home/xiar3/experiments/STVqvae/logs/sweep/sweep_results_v2.csv

════════════════════════════════════════════════════════════════
  SWEEP COMPLETE — Results in /home/xiar3/experiments/STVqvae/logs/sweep/sweep_results_v2.csv
════════════════════════════════════════════════════════════════
encoder,seed,env,best_reward,final_reward,overall_avg,probe_wall,probe_door,probe_key,probe_goal,probe_agent,wm_1_wall,wm_1_door,wm_1_key,wm_1_goal,wm_1_agent,wm_10_wall,wm_10_door,wm_10_key,wm_10_goal,wm_10_agent,r_1,r_5,r_10
v2,4,dk8,0.9988,0.9985,0.9970,0.2762,0.7915,0.5842,1.0000,0.3230,0.2323,0.1528,0.0016,0.1360,0.0143,0.2627,0.1282,0.0000,0.1060,0.0777,-0.309,-0.497,-0.537
v2,5,dk8,0.9988,0.9983,0.9976,0.3080,0.7076,0.4489,0.9635,0.3879,0.2731,0.0632,0.0033,0.6020,0.0110,0.3100,0.0725,0.0378,0.5580,0.0584,+0.465,+0.365,+0.372
v5dc,4,dk8,0.9987,0.9985,0.9967,0.7064,0.9005,0.5730,0.9972,0.3156,0.7127,0.0000,0.0000,0.7360,0.0000,0.7153,0.0000,0.0020,0.7200,0.0340,+0.438,+0.466,+0.436
v5dc,5,dk8,0.9988,0.9984,0.9962,0.2503,0.9063,0.5161,0.7445,0.3351,0.7984,0.0180,0.0240,0.9780,0.0060,0.8062,0.0320,0.0060,1.0000,0.0680,-0.088,-0.089,-0.092
v6,4,dk8,0.9988,0.9983,0.9953,0.2727,0.7653,0.4969,0.7631,0.4002,0.4620,0.0580,0.0040,0.8940,0.0020,0.4527,0.0580,0.0040,0.8540,0.0200,+0.252,+0.271,+0.270
v6,5,dk8,0.9397,0.9019,0.6084,0.6581,0.9769,0.5131,1.0000,0.5893,0.6206,0.0440,0.0600,0.9980,0.0300,0.5973,0.0480,0.0940,1.0000,0.0880,+0.415,+0.430,+0.424
# STAGE W1_DK8 DONE at Wed 22 Apr 08:31:43 UTC 2026

########################################################################
# STAGE: W2_VAE_WM  at Wed 22 Apr 08:31:43 UTC 2026
########################################################################

════════════════════════════════════════════════════════════════
  [1/5] Enc=vae  Seed=1  Env=dk8  Run=sweep_dk8_vae_s1
  Wed 22 Apr 08:31:43 UTC 2026
════════════════════════════════════════════════════════════════
  Training 5000000 steps... (log: /home/xiar3/experiments/STVqvae/logs/sweep/sweep_dk8_vae_s1.log)  wm_aux_coef=0.0
  ✓ Training done: best=0.8763 final=0.4691 avg=0.4526
  Running multi-step WM analysis...
  → Saved to /home/xiar3/experiments/STVqvae/logs/sweep/sweep_results_v2.csv

════════════════════════════════════════════════════════════════
  [2/5] Enc=vae  Seed=2  Env=dk8  Run=sweep_dk8_vae_s2
  Wed 22 Apr 10:08:52 UTC 2026
════════════════════════════════════════════════════════════════
  Training 5000000 steps... (log: /home/xiar3/experiments/STVqvae/logs/sweep/sweep_dk8_vae_s2.log)  wm_aux_coef=0.0
  ✓ Training done: best=0.9661 final=0.8045 avg=0.6506
  Running multi-step WM analysis...
  → Saved to /home/xiar3/experiments/STVqvae/logs/sweep/sweep_results_v2.csv

════════════════════════════════════════════════════════════════
  [3/5] Enc=vae  Seed=3  Env=dk8  Run=sweep_dk8_vae_s3
  Wed 22 Apr 11:51:45 UTC 2026
════════════════════════════════════════════════════════════════
  Training 5000000 steps... (log: /home/xiar3/experiments/STVqvae/logs/sweep/sweep_dk8_vae_s3.log)  wm_aux_coef=0.0
  ✓ Training done: best=0.9988 final=0.9977 avg=0.9961
  Running multi-step WM analysis...
  → Saved to /home/xiar3/experiments/STVqvae/logs/sweep/sweep_results_v2.csv

════════════════════════════════════════════════════════════════
  [4/5] Enc=vae  Seed=4  Env=dk8  Run=sweep_dk8_vae_s4
  Wed 22 Apr 13:35:49 UTC 2026
════════════════════════════════════════════════════════════════
  Training 5000000 steps... (log: /home/xiar3/experiments/STVqvae/logs/sweep/sweep_dk8_vae_s4.log)  wm_aux_coef=0.0
  ✓ Training done: best=0.9988 final=0.9984 avg=0.9955
  Running multi-step WM analysis...
  → Saved to /home/xiar3/experiments/STVqvae/logs/sweep/sweep_results_v2.csv

════════════════════════════════════════════════════════════════
  [5/5] Enc=vae  Seed=5  Env=dk8  Run=sweep_dk8_vae_s5
  Wed 22 Apr 15:19:24 UTC 2026
════════════════════════════════════════════════════════════════
  Training 5000000 steps... (log: /home/xiar3/experiments/STVqvae/logs/sweep/sweep_dk8_vae_s5.log)  wm_aux_coef=0.0
  ✓ Training done: best=0.9987 final=0.9981 avg=0.9960
  Running multi-step WM analysis...
  → Saved to /home/xiar3/experiments/STVqvae/logs/sweep/sweep_results_v2.csv

════════════════════════════════════════════════════════════════
  SWEEP COMPLETE — Results in /home/xiar3/experiments/STVqvae/logs/sweep/sweep_results_v2.csv
════════════════════════════════════════════════════════════════
encoder,seed,env,best_reward,final_reward,overall_avg,probe_wall,probe_door,probe_key,probe_goal,probe_agent,wm_1_wall,wm_1_door,wm_1_key,wm_1_goal,wm_1_agent,wm_10_wall,wm_10_door,wm_10_key,wm_10_goal,wm_10_agent,r_1,r_5,r_10
v2,4,dk8,0.9988,0.9985,0.9970,0.2762,0.7915,0.5842,1.0000,0.3230,0.2323,0.1528,0.0016,0.1360,0.0143,0.2627,0.1282,0.0000,0.1060,0.0777,-0.309,-0.497,-0.537
v2,5,dk8,0.9988,0.9983,0.9976,0.3080,0.7076,0.4489,0.9635,0.3879,0.2731,0.0632,0.0033,0.6020,0.0110,0.3100,0.0725,0.0378,0.5580,0.0584,+0.465,+0.365,+0.372
v5dc,4,dk8,0.9987,0.9985,0.9967,0.7064,0.9005,0.5730,0.9972,0.3156,0.7127,0.0000,0.0000,0.7360,0.0000,0.7153,0.0000,0.0020,0.7200,0.0340,+0.438,+0.466,+0.436
v5dc,5,dk8,0.9988,0.9984,0.9962,0.2503,0.9063,0.5161,0.7445,0.3351,0.7984,0.0180,0.0240,0.9780,0.0060,0.8062,0.0320,0.0060,1.0000,0.0680,-0.088,-0.089,-0.092
v6,4,dk8,0.9988,0.9983,0.9953,0.2727,0.7653,0.4969,0.7631,0.4002,0.4620,0.0580,0.0040,0.8940,0.0020,0.4527,0.0580,0.0040,0.8540,0.0200,+0.252,+0.271,+0.270
v6,5,dk8,0.9397,0.9019,0.6084,0.6581,0.9769,0.5131,1.0000,0.5893,0.6206,0.0440,0.0600,0.9980,0.0300,0.5973,0.0480,0.0940,1.0000,0.0880,+0.415,+0.430,+0.424
vae,1,dk8,0.8763,0.4691,0.4526,0.5901,0.9183,0.5842,0.9261,0.3558,0.0159,0.0280,0.0140,0.0120,0.0180,0.0167,0.0240,0.0360,0.0160,0.0180,+0.329,+0.906,+0.164
vae,2,dk8,0.9661,0.8045,0.6506,0.6850,0.9935,0.7728,1.0000,0.5985,0.0138,0.0080,0.0040,0.0100,0.0060,0.0141,0.0080,0.0040,0.0020,0.0060,-0.236,+0.016,-0.623
vae,3,dk8,0.9988,0.9977,0.9961,0.5990,0.9667,0.6646,0.9928,0.4973,0.0145,0.0080,0.0060,0.0000,0.0100,0.0142,0.0100,0.0040,0.0020,0.0000,-0.766,-0.336,-0.277
vae,4,dk8,0.9988,0.9984,0.9955,0.5955,0.9915,0.6742,0.9966,0.5447,0.0194,0.0200,0.0180,0.0240,0.0120,0.0148,0.0160,0.0220,0.0080,0.0200,+0.814,-0.511,-0.608
vae,5,dk8,0.9987,0.9981,0.9960,0.6297,0.9782,0.6507,0.9996,0.4537,0.0185,0.0180,0.0000,0.0120,0.0180,0.0143,0.0160,0.0040,0.0120,0.0140,+0.012,-0.157,+0.063
# STAGE W2_VAE_WM DONE at Wed 22 Apr 17:04:28 UTC 2026

########################################################################
# STAGE: W1_DK16_v6  at Wed 22 Apr 17:04:28 UTC 2026
########################################################################

════════════════════════════════════════════════════════════════
  [1/3] DK-16  Enc=v6  Seed=1  Wed 22 Apr 17:04:28 UTC 2026
════════════════════════════════════════════════════════════════
  Training 8M steps...
  ✓ best=0.3270 final=0.0000 avg=0.0230
  Running multi-step WM analysis...
  → CSV updated

════════════════════════════════════════════════════════════════
  [2/3] DK-16  Enc=v6  Seed=2  Thu 23 Apr 00:40:32 UTC 2026
════════════════════════════════════════════════════════════════
  Training 8M steps...
  ✓ best=0.2874 final=0.0000 avg=0.0341
  Running multi-step WM analysis...
  → CSV updated

════════════════════════════════════════════════════════════════
  [3/3] DK-16  Enc=v6  Seed=3  Thu 23 Apr 08:04:35 UTC 2026
════════════════════════════════════════════════════════════════
  Training 8M steps...
  ✓ best=0.2663 final=0.0386 avg=0.0350
  Running multi-step WM analysis...
  → CSV updated

════════════════════════════════════════════════════════════════
  DK-16 sweep v6 complete
════════════════════════════════════════════════════════════════
encoder,seed,best_reward,final_reward,overall_avg,probe_wall,probe_door,probe_key,probe_goal,probe_agent,wm_1_wall,wm_1_door,wm_1_key,wm_1_goal,wm_1_agent,wm_10_wall,wm_10_door,wm_10_key,wm_10_goal,wm_10_agent,r_1,r_5,r_10
v6,1,0.3270,0.0000,0.0230,0.6299,1.0000,0.9605,1.0000,0.5635,0.6090,0.0760,0.0060,1.0000,0.0040,0.6097,0.0760,0.0100,1.0000,0.0240,+0.024,+0.030,+0.040
v6,2,0.2874,0.0000,0.0341,0.6763,1.0000,0.9166,1.0000,0.6997,0.5800,0.0500,0.1320,0.9860,0.0960,0.5805,0.0220,0.1180,0.9980,0.1120,+0.027,+0.011,-0.005
v6,3,0.2663,0.0386,0.0350,0.6797,1.0000,0.9973,1.0000,0.5104,0.5617,0.0100,0.2060,1.0000,0.1260,0.5699,0.0200,0.1940,1.0000,0.2540,+0.025,-0.012,-0.049
# STAGE W1_DK16_v6 DONE at Thu 23 Apr 15:17:32 UTC 2026

########################################################################
# STAGE: W1_DK16_v5dc  at Thu 23 Apr 15:17:32 UTC 2026
########################################################################

════════════════════════════════════════════════════════════════
  [1/3] DK-16  Enc=v5dc  Seed=1  Thu 23 Apr 15:17:32 UTC 2026
════════════════════════════════════════════════════════════════
  Training 8M steps...
  ✓ best=0.2424 final=0.0000 avg=0.0108
  Running multi-step WM analysis...
  → CSV updated

════════════════════════════════════════════════════════════════
  [2/3] DK-16  Enc=v5dc  Seed=2  Thu 23 Apr 22:50:59 UTC 2026
════════════════════════════════════════════════════════════════
  Training 8M steps...
  ✓ best=0.2078 final=0.0000 avg=0.0068
  Running multi-step WM analysis...
  → CSV updated

════════════════════════════════════════════════════════════════
  [3/3] DK-16  Enc=v5dc  Seed=3  Fri 24 Apr 05:41:07 UTC 2026
════════════════════════════════════════════════════════════════
  Training 8M steps...
  ✓ best=0.1279 final=0.0000 avg=0.0103
  Running multi-step WM analysis...
  → CSV updated

════════════════════════════════════════════════════════════════
  DK-16 sweep v5dc complete
════════════════════════════════════════════════════════════════
encoder,seed,best_reward,final_reward,overall_avg,probe_wall,probe_door,probe_key,probe_goal,probe_agent,wm_1_wall,wm_1_door,wm_1_key,wm_1_goal,wm_1_agent,wm_10_wall,wm_10_door,wm_10_key,wm_10_goal,wm_10_agent,r_1,r_5,r_10
v6,1,0.3270,0.0000,0.0230,0.6299,1.0000,0.9605,1.0000,0.5635,0.6090,0.0760,0.0060,1.0000,0.0040,0.6097,0.0760,0.0100,1.0000,0.0240,+0.024,+0.030,+0.040
v6,2,0.2874,0.0000,0.0341,0.6763,1.0000,0.9166,1.0000,0.6997,0.5800,0.0500,0.1320,0.9860,0.0960,0.5805,0.0220,0.1180,0.9980,0.1120,+0.027,+0.011,-0.005
v6,3,0.2663,0.0386,0.0350,0.6797,1.0000,0.9973,1.0000,0.5104,0.5617,0.0100,0.2060,1.0000,0.1260,0.5699,0.0200,0.1940,1.0000,0.2540,+0.025,-0.012,-0.049
v5dc,1,0.2424,0.0000,0.0108,0.0404,0.1421,0.0311,1.0000,0.1281,0.0258,0.0040,0.0120,0.0000,0.0020,0.0256,0.0100,0.0340,0.0020,0.0160,-0.418,-0.137,-0.534
v5dc,2,0.2078,0.0000,0.0068,0.0769,0.1825,0.4926,0.8652,0.1767,0.0711,0.0220,0.0140,0.9980,0.0000,0.0330,0.0260,0.0040,0.9980,0.0140,+0.862,+0.868,+0.865
v5dc,3,0.1279,0.0000,0.0103,0.0402,0.4721,0.8963,0.1174,0.0763,0.0073,0.0020,0.0320,0.0000,0.0040,0.0094,0.0040,0.0060,0.0000,0.0080,+0.740,+0.019,-0.297
# STAGE W1_DK16_v5dc DONE at Fri 24 Apr 12:53:01 UTC 2026
