/home/xiar3/experiments/miniforge3/envs/stvqvae/lib/python3.11/site-packages/torch/cuda/__init__.py:61: FutureWarning: The pynvml package is deprecated. Please install nvidia-ml-py instead. If you did not install pynvml directly, please report this to the maintainers of the package that installed pynvml for you.
  import pynvml  # type: ignore[import]
Gym has been unmaintained since 2022 and does not support NumPy 2.0 amongst other critical functionality.
Please upgrade to Gymnasium, the maintained drop-in replacement of Gym, or contact the authors of your software and request that they upgrade.
Users of this version of Gym should be able to simply replace 'import gym' with 'import gymnasium as gym' in the vast majority of cases.
See the migration guide at https://gymnasium.farama.org/introduction/migration_guide/ for additional information.
Loading: /home/xiar3/experiments/STVqvae/discrete_mbrl/model_free/models/MiniGrid-DoorKey-8x8-v0/doorkey_v6aenc_ablation_best_model.pt
Env: MiniGrid-DoorKey-8x8-v0 (crafter=False)
Codebook: 64, Embed: 64
Constructed VQVAE with 64 latents and 64 codebook entries
EMA utilization: 64/64

Collecting 10000 frames...
  5000/10000 frames collected
  10000/10000 frames collected
Collected 640,000 (code, class) pairs

============================================================
CODEBOOK USAGE ANALYSIS
============================================================
  Codebook size        : 64
  Active codes         : 64/64 (100.0%)
  Dead codes           : 0/64 (0.0%)
  Avg code purity      : 68.7%
  H(class|code)        : 0.819 bits  (lower = codes are class-pure)
  H(code|class)        : 3.815 bits  (lower = each class uses few codes)
  H(code) [marginal]   : 4.378 bits  (max=6.0)

  Code allocation per class:
    Class          # Codes   Data %
    --------------------------------
    empty               26    42.4%
    wall                28    51.6%
    door                 2     1.5%
    key                  3     1.3%
    goal                 0     1.6%
    agent                5     1.6%

  Top 10 most-used codes:
    Code   49:  160802 uses, dominant=wall (90% pure)
    Code   37:   78115 uses, dominant=wall (53% pure)
    Code   62:   52925 uses, dominant=empty (79% pure)
    Code   61:   49968 uses, dominant=empty (96% pure)
    Code   34:   33136 uses, dominant=wall (52% pure)
    Code   40:   21249 uses, dominant=wall (68% pure)
    Code    4:   19200 uses, dominant=empty (70% pure)
    Code   47:   14718 uses, dominant=empty (58% pure)
    Code    1:   14268 uses, dominant=empty (52% pure)
    Code   15:   13917 uses, dominant=wall (36% pure)
============================================================

Saved to /home/xiar3/experiments/STVqvae/logs/ablation_v6/doorkey_v6aenc_ablation_codebook.json
