/home/xiar3/experiments/miniforge3/envs/stvqvae/lib/python3.11/site-packages/torch/cuda/__init__.py:61: FutureWarning: The pynvml package is deprecated. Please install nvidia-ml-py instead. If you did not install pynvml directly, please report this to the maintainers of the package that installed pynvml for you.
  import pynvml  # type: ignore[import]
Gym has been unmaintained since 2022 and does not support NumPy 2.0 amongst other critical functionality.
Please upgrade to Gymnasium, the maintained drop-in replacement of Gym, or contact the authors of your software and request that they upgrade.
Users of this version of Gym should be able to simply replace 'import gym' with 'import gymnasium as gym' in the vast majority of cases.
See the migration guide at https://gymnasium.farama.org/introduction/migration_guide/ for additional information.
Loading: /home/xiar3/experiments/STVqvae/discrete_mbrl/model_free/models/MiniGrid-DoorKey-8x8-v0/doorkey_v6benc_ablation_best_model.pt
Env: MiniGrid-DoorKey-8x8-v0 (crafter=False)
Codebook: 64, Embed: 64
Constructed VQVAE with 64 latents and 64 codebook entries
EMA utilization: 64/64

Collecting 10000 frames...
  5000/10000 frames collected
  10000/10000 frames collected
Collected 640,000 (code, class) pairs

============================================================
CODEBOOK USAGE ANALYSIS
============================================================
  Codebook size        : 64
  Active codes         : 64/64 (100.0%)
  Dead codes           : 0/64 (0.0%)
  Avg code purity      : 74.0%
  H(class|code)        : 0.683 bits  (lower = codes are class-pure)
  H(code|class)        : 4.674 bits  (lower = each class uses few codes)
  H(code) [marginal]   : 5.375 bits  (max=6.0)

  Code allocation per class:
    Class          # Codes   Data %
    --------------------------------
    empty               36    42.4%
    wall                20    51.6%
    door                 0     1.6%
    key                  3     1.4%
    goal                 1     1.6%
    agent                4     1.6%

  Top 10 most-used codes:
    Code   18:   45646 uses, dominant=wall (95% pure)
    Code   12:   30456 uses, dominant=wall (100% pure)
    Code   36:   30084 uses, dominant=empty (84% pure)
    Code   34:   29932 uses, dominant=wall (65% pure)
    Code   56:   28889 uses, dominant=empty (85% pure)
    Code   17:   28258 uses, dominant=empty (56% pure)
    Code   14:   25891 uses, dominant=wall (98% pure)
    Code   58:   23233 uses, dominant=empty (77% pure)
    Code   16:   21591 uses, dominant=empty (98% pure)
    Code   40:   20467 uses, dominant=wall (98% pure)
============================================================

Saved to /home/xiar3/experiments/STVqvae/logs/ablation_v6/doorkey_v6benc_ablation_codebook.json
