/home/xiar3/experiments/miniforge3/envs/stvqvae/lib/python3.11/site-packages/torch/cuda/__init__.py:61: FutureWarning: The pynvml package is deprecated. Please install nvidia-ml-py instead. If you did not install pynvml directly, please report this to the maintainers of the package that installed pynvml for you.
  import pynvml  # type: ignore[import]
Gym has been unmaintained since 2022 and does not support NumPy 2.0 amongst other critical functionality.
Please upgrade to Gymnasium, the maintained drop-in replacement of Gym, or contact the authors of your software and request that they upgrade.
Users of this version of Gym should be able to simply replace 'import gym' with 'import gymnasium as gym' in the vast majority of cases.
See the migration guide at https://gymnasium.farama.org/introduction/migration_guide/ for additional information.
Loading checkpoint: /home/xiar3/experiments/STVqvae/discrete_mbrl/model_free/models/MiniGrid-DoorKey-8x8-v0/doorkey_v6cenc_ablation_best_model.pt
Environment : MiniGrid-DoorKey-8x8-v0
Encoder     : v6c
Device      : cuda
Loaded weights from checkpoint
VQVAE: n_latent=64 (8×8), embed_dim=64

Collecting 50000 frames with random policy...
  Collected 5000/50000 frames
  Collected 10000/50000 frames
  Collected 15000/50000 frames
  Collected 20000/50000 frames
  Collected 25000/50000 frames
  Collected 30000/50000 frames
  Collected 35000/50000 frames
  Collected 40000/50000 frames
  Collected 45000/50000 frames
  Collected 50000/50000 frames
Collected: embeddings=(50000, 4096), labels=(50000, 64)

Label distribution:
  empty      (id=1): 1356890 (42.4%)
  wall       (id=2): 1650000 (51.6%)
  door       (id=4): 49509 (1.5%)
  key        (id=5): 43601 (1.4%)
  goal       (id=8): 50000 (1.6%)
  agent      (id=10): 50000 (1.6%)

Training linear probe: 64 -> 11 over 20 epochs
  Epoch   1/20  loss=1.4207
  Epoch   5/20  loss=0.7244
  Epoch  10/20  loss=0.6447
  Epoch  15/20  loss=0.6203
  Epoch  20/20  loss=0.6090

=== Probe Results ===
Overall per-position accuracy: 71.2%

Per-class accuracy:
  empty      (id=1):   58.7%  (1356890 samples)
  wall       (id=2):   85.2%  (1650000 samples)
  door       (id=4):    0.0%  (49509 samples)
  key        (id=5):   67.6%  (43601 samples)
  goal       (id=8):   81.0%  (50000 samples)
  agent      (id=10):   14.6%  (50000 samples)

Confusion matrix (rows=true, cols=pred):
              empty    wall    door     key    goal   agent
empty        795990  551796       0    5508     271    3325
wall         238140 1405958       0    5285       0     617
door          14171   33061       0    2267      10       0
key            7193    6846       0   29490       0      72
goal           1593    7913       0       0   40494       0
agent         33300    5029       0    4379       0    7292

Probe saved to: ../models/MiniGrid-DoorKey-8x8-v0/semantic_probe_ea136dc7.pt
