/home/xiar3/experiments/miniforge3/envs/stvqvae/lib/python3.11/site-packages/torch/cuda/__init__.py:61: FutureWarning: The pynvml package is deprecated. Please install nvidia-ml-py instead. If you did not install pynvml directly, please report this to the maintainers of the package that installed pynvml for you.
  import pynvml  # type: ignore[import]
Gym has been unmaintained since 2022 and does not support NumPy 2.0 amongst other critical functionality.
Please upgrade to Gymnasium, the maintained drop-in replacement of Gym, or contact the authors of your software and request that they upgrade.
Users of this version of Gym should be able to simply replace 'import gym' with 'import gymnasium as gym' in the vast majority of cases.
See the migration guide at https://gymnasium.farama.org/introduction/migration_guide/ for additional information.
Loading: /home/xiar3/experiments/STVqvae/discrete_mbrl/model_free/models/MiniGrid-DoorKey-8x8-v0/doorkey_v6cenc_ablation_best_model.pt
Env: MiniGrid-DoorKey-8x8-v0 (crafter=False)
Codebook: 64, Embed: 64
Constructed VQVAE with 64 latents and 64 codebook entries
EMA utilization: 64/64

Collecting 10000 frames...
  5000/10000 frames collected
  10000/10000 frames collected
Collected 640,000 (code, class) pairs

============================================================
CODEBOOK USAGE ANALYSIS
============================================================
  Codebook size        : 64
  Active codes         : 64/64 (100.0%)
  Dead codes           : 0/64 (0.0%)
  Avg code purity      : 73.9%
  H(class|code)        : 0.719 bits  (lower = codes are class-pure)
  H(code|class)        : 4.086 bits  (lower = each class uses few codes)
  H(code) [marginal]   : 4.741 bits  (max=6.0)

  Code allocation per class:
    Class          # Codes   Data %
    --------------------------------
    empty               18    42.6%
    wall                37    51.6%
    door                 1     1.6%
    key                  3     1.2%
    goal                 1     1.6%
    agent                4     1.6%

  Top 10 most-used codes:
    Code   48:  174391 uses, dominant=empty (52% pure)
    Code   47:   39696 uses, dominant=empty (100% pure)
    Code    5:   32388 uses, dominant=empty (97% pure)
    Code   62:   30406 uses, dominant=wall (81% pure)
    Code   42:   20641 uses, dominant=wall (98% pure)
    Code   22:   19988 uses, dominant=wall (100% pure)
    Code   12:   15392 uses, dominant=wall (69% pure)
    Code   23:   15352 uses, dominant=wall (51% pure)
    Code   31:   14498 uses, dominant=wall (54% pure)
    Code   57:   14370 uses, dominant=wall (96% pure)
============================================================

Saved to /home/xiar3/experiments/STVqvae/logs/ablation_v6/doorkey_v6cenc_ablation_codebook.json
