
════════════════════════════════════════════════════════════════
  [1/3] Encoder=v6a  —  RGB shortcut only (no coord grid)
════════════════════════════════════════════════════════════════
  Training... (log: /home/xiar3/experiments/STVqvae/logs/ablation_v6/doorkey_v6aenc_ablation.log)
  ✓ Training done: best=0.9988  final=0.9969
  Running semantic probe...
  ✓ Probe: overall=72.4%  goal=1.6%  key=1.4%
  Running codebook analysis...
  ✓ Codebook analysis done
  → Results saved to /home/xiar3/experiments/STVqvae/logs/ablation_v6/ablation_results.csv

════════════════════════════════════════════════════════════════
  [2/3] Encoder=v6b  —  Coord grid only (no RGB shortcut)
════════════════════════════════════════════════════════════════
  Training... (log: /home/xiar3/experiments/STVqvae/logs/ablation_v6/doorkey_v6benc_ablation.log)
  ✓ Training done: best=0.9986  final=0.9980
  Running semantic probe...
  ✓ Probe: overall=72.6%  goal=1.6%  key=1.5%
  Running codebook analysis...
  ✓ Codebook analysis done
  → Results saved to /home/xiar3/experiments/STVqvae/logs/ablation_v6/ablation_results.csv

════════════════════════════════════════════════════════════════
  [3/3] Encoder=v6c  —  RGB + coords + full-width trunk
════════════════════════════════════════════════════════════════
  Training... (log: /home/xiar3/experiments/STVqvae/logs/ablation_v6/doorkey_v6cenc_ablation.log)
  ✓ Training done: best=0.9988  final=0.9973
  Running semantic probe...
  ✓ Probe: overall=71.2%  goal=1.6%  key=1.4%
  Running codebook analysis...
  ✓ Codebook analysis done
  → Results saved to /home/xiar3/experiments/STVqvae/logs/ablation_v6/ablation_results.csv

════════════════════════════════════════════════════════════════
  v6 Ablation sweep complete!
════════════════════════════════════════════════════════════════
encoder,seed,best_reward,final_reward,overall_avg,probe_overall,probe_wall,probe_empty,probe_door,probe_key,probe_goal,probe_agent
v6a,42,0.9988,0.9969,0.9969,72.4,51.6,42.3,1.6,1.4,1.6,1.6
v6b,42,0.9986,0.9980,0.9904,72.6,51.6,42.3,1.5,1.5,1.6,1.6
v6c,42,0.9988,0.9973,0.9961,71.2,51.6,42.4,1.5,1.4,1.6,1.6
