
=== Crafter codebook: v6enc_original ===
Loading: /home/xiar3/experiments/STVqvae/discrete_mbrl/model_free/models/crafter/mf_e2e_semantic_crafter_v6enc_best_model.pt
Env: crafter (crafter=True)
Codebook: 512, Embed: 64
Constructed VQVAE with 64 latents and 512 codebook entries
EMA utilization: 503/512

Collecting 10000 frames...
  5000/10000 frames collected
  10000/10000 frames collected
Collected 640,000 (code, class) pairs

============================================================
CODEBOOK USAGE ANALYSIS
============================================================
  Codebook size        : 512
  Active codes         : 494/512 (96.5%)
  Dead codes           : 18/512 (3.5%)
  Avg code purity      : 49.1%
  H(class|code)        : 2.209 bits  (lower = codes are class-pure)
  H(code|class)        : 7.855 bits  (lower = each class uses few codes)
  H(code) [marginal]   : 8.019 bits  (max=9.0)

  Code allocation per class:
    Class          # Codes   Data %
    --------------------------------
    water               42    20.2%
    grass              419    44.8%
    stone               15    13.2%
    path                 9     7.1%
    sand                 1     5.6%
    tree                 4     5.3%
    lava                 0     0.8%
    coal                 0     1.2%
    iron                 2     0.6%
    diamond              1     0.1%
    plant                0     0.0%
    fence                0     0.5%
    player               0     0.1%
    cow                  1     0.3%
    zombie               0     0.0%
    skeleton             0     0.0%

  Top 10 most-used codes:
    Code  456:   14201 uses, dominant=grass (47% pure)
    Code  231:   14003 uses, dominant=grass (41% pure)
    Code  137:   10431 uses, dominant=grass (49% pure)
    Code  315:    9219 uses, dominant=grass (43% pure)
    Code  266:    8037 uses, dominant=grass (43% pure)
    Code  403:    7796 uses, dominant=grass (37% pure)
    Code  362:    7794 uses, dominant=grass (52% pure)
    Code  160:    7713 uses, dominant=grass (53% pure)
    Code  251:    7410 uses, dominant=grass (40% pure)
    Code   88:    7257 uses, dominant=grass (46% pure)
============================================================

Saved to /home/xiar3/experiments/STVqvae/logs/codebook_analysis/crafter_v6enc_original.json
  → Saved to /home/xiar3/experiments/STVqvae/logs/codebook_analysis/crafter_v6enc_original.json

=== Crafter codebook: v6enc_fix ===
Loading: /home/xiar3/experiments/STVqvae/discrete_mbrl/model_free/models/crafter/mf_e2e_semantic_crafter_v6enc_fix_best_model.pt
Env: crafter (crafter=True)
Codebook: 1024, Embed: 64
Constructed VQVAE with 64 latents and 1024 codebook entries
EMA utilization: 1024/1024

Collecting 10000 frames...
  5000/10000 frames collected
  10000/10000 frames collected
Collected 640,000 (code, class) pairs

============================================================
CODEBOOK USAGE ANALYSIS
============================================================
  Codebook size        : 1024
  Active codes         : 880/1024 (85.9%)
  Dead codes           : 144/1024 (14.1%)
  Avg code purity      : 48.2%
  H(class|code)        : 2.197 bits  (lower = codes are class-pure)
  H(code|class)        : 8.602 bits  (lower = each class uses few codes)
  H(code) [marginal]   : 8.789 bits  (max=10.0)

  Code allocation per class:
    Class          # Codes   Data %
    --------------------------------
    water               87    21.3%
    grass              722    43.3%
    stone               45    13.5%
    path                10     8.3%
    sand                 8     5.1%
    tree                 8     4.9%
    lava                 0     0.8%
    coal                 0     1.1%
    iron                 0     0.6%
    diamond              0     0.1%
    plant                0     0.0%
    fence                0     0.5%
    player               0     0.1%
    cow                  0     0.3%
    zombie               0     0.0%

  Top 10 most-used codes:
    Code    6:   11983 uses, dominant=grass (44% pure)
    Code   10:   11662 uses, dominant=grass (44% pure)
    Code   96:    8608 uses, dominant=grass (55% pure)
    Code  271:    8195 uses, dominant=grass (54% pure)
    Code   18:    6634 uses, dominant=grass (45% pure)
    Code  160:    6506 uses, dominant=grass (39% pure)
    Code   22:    6468 uses, dominant=grass (43% pure)
    Code  109:    6091 uses, dominant=grass (47% pure)
    Code   12:    5456 uses, dominant=grass (45% pure)
    Code   58:    4991 uses, dominant=grass (60% pure)
============================================================

Saved to /home/xiar3/experiments/STVqvae/logs/codebook_analysis/crafter_v6enc_fix.json
  → Saved to /home/xiar3/experiments/STVqvae/logs/codebook_analysis/crafter_v6enc_fix.json

=== Crafter codebook: v6enc_cal ===
Loading: /home/xiar3/experiments/STVqvae/discrete_mbrl/model_free/models/crafter/mf_e2e_semantic_crafter_v6enc_cal_best_model.pt
Env: crafter (crafter=True)
Codebook: 1024, Embed: 64
Constructed VQVAE with 64 latents and 1024 codebook entries
EMA utilization: 1024/1024

Collecting 10000 frames...
  5000/10000 frames collected
  10000/10000 frames collected
Collected 640,000 (code, class) pairs

============================================================
CODEBOOK USAGE ANALYSIS
============================================================
  Codebook size        : 1024
  Active codes         : 809/1024 (79.0%)
  Dead codes           : 215/1024 (21.0%)
  Avg code purity      : 48.2%
  H(class|code)        : 2.233 bits  (lower = codes are class-pure)
  H(code|class)        : 8.378 bits  (lower = each class uses few codes)
  H(code) [marginal]   : 8.538 bits  (max=10.0)

  Code allocation per class:
    Class          # Codes   Data %
    --------------------------------
    water              112    21.2%
    grass              599    42.4%
    stone               52    13.9%
    path                18     8.2%
    sand                14     5.8%
    tree                12     5.1%
    lava                 0     0.6%
    coal                 0     1.2%
    iron                 0     0.4%
    diamond              0     0.0%
    plant                0     0.0%
    fence                1     0.6%
    player               0     0.2%
    cow                  1     0.2%
    zombie               0     0.0%

  Top 10 most-used codes:
    Code   63:   13999 uses, dominant=grass (44% pure)
    Code    6:   10312 uses, dominant=grass (47% pure)
    Code  357:   10124 uses, dominant=grass (42% pure)
    Code   18:    9455 uses, dominant=grass (54% pure)
    Code   59:    8116 uses, dominant=grass (49% pure)
    Code  250:    7925 uses, dominant=grass (45% pure)
    Code  152:    7848 uses, dominant=grass (50% pure)
    Code   11:    7618 uses, dominant=grass (59% pure)
    Code   75:    5219 uses, dominant=grass (43% pure)
    Code  847:    5160 uses, dominant=grass (32% pure)
============================================================

Saved to /home/xiar3/experiments/STVqvae/logs/codebook_analysis/crafter_v6enc_cal.json
  → Saved to /home/xiar3/experiments/STVqvae/logs/codebook_analysis/crafter_v6enc_cal.json

=== Crafter codebook: v6enc_cal2 ===
Loading: /home/xiar3/experiments/STVqvae/discrete_mbrl/model_free/models/crafter/mf_e2e_semantic_crafter_v6enc_cal2_best_model.pt
Env: crafter (crafter=True)
Codebook: 1024, Embed: 64
Constructed VQVAE with 64 latents and 1024 codebook entries
EMA utilization: 1024/1024

Collecting 10000 frames...
  5000/10000 frames collected
  10000/10000 frames collected
Collected 640,000 (code, class) pairs

============================================================
CODEBOOK USAGE ANALYSIS
============================================================
  Codebook size        : 1024
  Active codes         : 867/1024 (84.7%)
  Dead codes           : 157/1024 (15.3%)
  Avg code purity      : 49.2%
  H(class|code)        : 2.232 bits  (lower = codes are class-pure)
  H(code|class)        : 8.318 bits  (lower = each class uses few codes)
  H(code) [marginal]   : 8.453 bits  (max=10.0)

  Code allocation per class:
    Class          # Codes   Data %
    --------------------------------
    water              107    22.1%
    grass              666    42.8%
    stone               50    14.6%
    path                20     7.4%
    sand                12     5.2%
    tree                 9     4.2%
    lava                 0     0.6%
    coal                 2     1.3%
    iron                 0     0.5%
    diamond              0     0.1%
    plant                0     0.0%
    fence                1     0.7%
    player               0     0.1%
    cow                  0     0.3%
    zombie               0     0.0%

  Top 10 most-used codes:
    Code  140:   15747 uses, dominant=grass (42% pure)
    Code  227:   14806 uses, dominant=grass (48% pure)
    Code  153:   10897 uses, dominant=grass (45% pure)
    Code  135:    7747 uses, dominant=grass (46% pure)
    Code   75:    7175 uses, dominant=grass (58% pure)
    Code  207:    7165 uses, dominant=grass (61% pure)
    Code  380:    6807 uses, dominant=grass (44% pure)
    Code   21:    6623 uses, dominant=grass (38% pure)
    Code  383:    6382 uses, dominant=grass (36% pure)
    Code  753:    6245 uses, dominant=grass (41% pure)
============================================================

Saved to /home/xiar3/experiments/STVqvae/logs/codebook_analysis/crafter_v6enc_cal2.json
  → Saved to /home/xiar3/experiments/STVqvae/logs/codebook_analysis/crafter_v6enc_cal2.json

════════════════════════════════════════════════════════
  CRAFTER CODEBOOK SUMMARY
════════════════════════════════════════════════════════
  crafter_v6enc_cal          dead=N/A/1024  active=?
  crafter_v6enc_cal2         dead=N/A/1024  active=?
  crafter_v6enc_fix          dead=N/A/1024  active=?
  crafter_v6enc_original     dead=N/A/512  active=?

Results saved to /home/xiar3/experiments/STVqvae/logs/codebook_analysis
