Loading: /home/xiar3/experiments/STVqvae/discrete_mbrl/model_free/models/crafter/mf_e2e_semantic_crafter_v6enc_cal2_best_model.pt
Env: crafter (crafter=True)
Codebook: 1024, Embed: 64
Constructed VQVAE with 64 latents and 1024 codebook entries
EMA utilization: 1024/1024

Collecting 10000 frames...
  5000/10000 frames collected
  10000/10000 frames collected
Collected 640,000 (code, class) pairs

============================================================
CODEBOOK USAGE ANALYSIS
============================================================
  Codebook size        : 1024
  Active codes         : 867/1024 (84.7%)
  Dead codes           : 157/1024 (15.3%)
  Avg code purity      : 49.2%
  H(class|code)        : 2.232 bits  (lower = codes are class-pure)
  H(code|class)        : 8.318 bits  (lower = each class uses few codes)
  H(code) [marginal]   : 8.453 bits  (max=10.0)

  Code allocation per class:
    Class          # Codes   Data %
    --------------------------------
    water              107    22.1%
    grass              666    42.8%
    stone               50    14.6%
    path                20     7.4%
    sand                12     5.2%
    tree                 9     4.2%
    lava                 0     0.6%
    coal                 2     1.3%
    iron                 0     0.5%
    diamond              0     0.1%
    plant                0     0.0%
    fence                1     0.7%
    player               0     0.1%
    cow                  0     0.3%
    zombie               0     0.0%

  Top 10 most-used codes:
    Code  140:   15747 uses, dominant=grass (42% pure)
    Code  227:   14806 uses, dominant=grass (48% pure)
    Code  153:   10897 uses, dominant=grass (45% pure)
    Code  135:    7747 uses, dominant=grass (46% pure)
    Code   75:    7175 uses, dominant=grass (58% pure)
    Code  207:    7165 uses, dominant=grass (61% pure)
    Code  380:    6807 uses, dominant=grass (44% pure)
    Code   21:    6623 uses, dominant=grass (38% pure)
    Code  383:    6382 uses, dominant=grass (36% pure)
    Code  753:    6245 uses, dominant=grass (41% pure)
============================================================

Saved to /home/xiar3/experiments/STVqvae/logs/codebook_analysis/crafter_v6enc_cal2.json
